Component: ARM Compiler 5.05 update 1 (build 106) Tool: armlink [4d0efa]

==============================================================================

Section Cross References

    startup_stm32f10x_hd.o(RESET) refers to startup_stm32f10x_hd.o(STACK) for __initial_sp
    startup_stm32f10x_hd.o(RESET) refers to startup_stm32f10x_hd.o(.text) for Reset_Handler
    startup_stm32f10x_hd.o(RESET) refers to stm32f10x_it.o(i.NMI_Handler) for NMI_Handler
    startup_stm32f10x_hd.o(RESET) refers to stm32f10x_it.o(i.HardFault_Handler) for HardFault_Handler
    startup_stm32f10x_hd.o(RESET) refers to stm32f10x_it.o(i.MemManage_Handler) for MemManage_Handler
    startup_stm32f10x_hd.o(RESET) refers to stm32f10x_it.o(i.BusFault_Handler) for BusFault_Handler
    startup_stm32f10x_hd.o(RESET) refers to stm32f10x_it.o(i.UsageFault_Handler) for UsageFault_Handler
    startup_stm32f10x_hd.o(RESET) refers to stm32f10x_it.o(i.SVC_Handler) for SVC_Handler
    startup_stm32f10x_hd.o(RESET) refers to stm32f10x_it.o(i.DebugMon_Handler) for DebugMon_Handler
    startup_stm32f10x_hd.o(RESET) refers to stm32f10x_it.o(i.PendSV_Handler) for PendSV_Handler
    startup_stm32f10x_hd.o(RESET) refers to systick.o(i.SysTick_Handler) for SysTick_Handler
    startup_stm32f10x_hd.o(RESET) refers to bsp_exti.o(i.EXTI0_IRQHandler) for EXTI0_IRQHandler
    startup_stm32f10x_hd.o(RESET) refers to adc.o(i.DMA1_Channel1_IRQHandler) for DMA1_Channel1_IRQHandler
    startup_stm32f10x_hd.o(RESET) refers to modbus_svr.o(i.USART1_IRQHandler) for USART1_IRQHandler
    startup_stm32f10x_hd.o(RESET) refers to sbg_comm.o(i.USART2_IRQHandler) for USART2_IRQHandler
    startup_stm32f10x_hd.o(RESET) refers to bsp_exti.o(i.EXTI15_10_IRQHandler) for EXTI15_10_IRQHandler
    startup_stm32f10x_hd.o(.text) refers to system_stm32f10x.o(i.SystemInit) for SystemInit
    startup_stm32f10x_hd.o(.text) refers to entry.o(.ARM.Collect$$$$00000000) for __main
    system_stm32f10x.o(i.SetSysClock) refers to system_stm32f10x.o(i.SetSysClockTo72) for SetSysClockTo72
    system_stm32f10x.o(i.SystemCoreClockUpdate) refers to system_stm32f10x.o(.data) for SystemCoreClock
    system_stm32f10x.o(i.SystemInit) refers to system_stm32f10x.o(i.SetSysClock) for SetSysClock
    stm32f10x_adc.o(i.ADC_DeInit) refers to stm32f10x_rcc.o(i.RCC_APB2PeriphResetCmd) for RCC_APB2PeriphResetCmd
    stm32f10x_bkp.o(i.BKP_DeInit) refers to stm32f10x_rcc.o(i.RCC_BackupResetCmd) for RCC_BackupResetCmd
    stm32f10x_can.o(i.CAN_DeInit) refers to stm32f10x_rcc.o(i.RCC_APB1PeriphResetCmd) for RCC_APB1PeriphResetCmd
    stm32f10x_can.o(i.CAN_GetITStatus) refers to stm32f10x_can.o(i.CheckITStatus) for CheckITStatus
    stm32f10x_cec.o(i.CEC_DeInit) refers to stm32f10x_rcc.o(i.RCC_APB1PeriphResetCmd) for RCC_APB1PeriphResetCmd
    stm32f10x_dac.o(i.DAC_DeInit) refers to stm32f10x_rcc.o(i.RCC_APB1PeriphResetCmd) for RCC_APB1PeriphResetCmd
    stm32f10x_flash.o(i.FLASH_EnableWriteProtection) refers to stm32f10x_flash.o(i.FLASH_WaitForLastOperation) for FLASH_WaitForLastOperation
    stm32f10x_flash.o(i.FLASH_EraseAllBank1Pages) refers to stm32f10x_flash.o(i.FLASH_WaitForLastBank1Operation) for FLASH_WaitForLastBank1Operation
    stm32f10x_flash.o(i.FLASH_EraseAllPages) refers to stm32f10x_flash.o(i.FLASH_WaitForLastOperation) for FLASH_WaitForLastOperation
    stm32f10x_flash.o(i.FLASH_EraseOptionBytes) refers to stm32f10x_flash.o(i.FLASH_GetReadOutProtectionStatus) for FLASH_GetReadOutProtectionStatus
    stm32f10x_flash.o(i.FLASH_EraseOptionBytes) refers to stm32f10x_flash.o(i.FLASH_WaitForLastOperation) for FLASH_WaitForLastOperation
    stm32f10x_flash.o(i.FLASH_ErasePage) refers to stm32f10x_flash.o(i.FLASH_WaitForLastOperation) for FLASH_WaitForLastOperation
    stm32f10x_flash.o(i.FLASH_ProgramHalfWord) refers to stm32f10x_flash.o(i.FLASH_WaitForLastOperation) for FLASH_WaitForLastOperation
    stm32f10x_flash.o(i.FLASH_ProgramOptionByteData) refers to stm32f10x_flash.o(i.FLASH_WaitForLastOperation) for FLASH_WaitForLastOperation
    stm32f10x_flash.o(i.FLASH_ProgramWord) refers to stm32f10x_flash.o(i.FLASH_WaitForLastOperation) for FLASH_WaitForLastOperation
    stm32f10x_flash.o(i.FLASH_ReadOutProtection) refers to stm32f10x_flash.o(i.FLASH_WaitForLastOperation) for FLASH_WaitForLastOperation
    stm32f10x_flash.o(i.FLASH_UserOptionByteConfig) refers to stm32f10x_flash.o(i.FLASH_WaitForLastOperation) for FLASH_WaitForLastOperation
    stm32f10x_flash.o(i.FLASH_WaitForLastBank1Operation) refers to stm32f10x_flash.o(i.FLASH_GetBank1Status) for FLASH_GetBank1Status
    stm32f10x_flash.o(i.FLASH_WaitForLastOperation) refers to stm32f10x_flash.o(i.FLASH_GetBank1Status) for FLASH_GetBank1Status
    stm32f10x_gpio.o(i.GPIO_AFIODeInit) refers to stm32f10x_rcc.o(i.RCC_APB2PeriphResetCmd) for RCC_APB2PeriphResetCmd
    stm32f10x_gpio.o(i.GPIO_DeInit) refers to stm32f10x_rcc.o(i.RCC_APB2PeriphResetCmd) for RCC_APB2PeriphResetCmd
[...]
    Removing stm32f10x_gpio.o(i.GPIO_Write), (4 bytes).
    Removing stm32f10x_gpio.o(i.GPIO_WriteBit), (10 bytes).
    Removing stm32f10x_i2c.o(i.I2C_ARPCmd), (24 bytes).
    Removing stm32f10x_i2c.o(i.I2C_AcknowledgeConfig), (24 bytes).
    Removing stm32f10x_i2c.o(i.I2C_CalculatePEC), (24 bytes).
    Removing stm32f10x_i2c.o(i.I2C_CheckEvent), (42 bytes).
    Removing stm32f10x_i2c.o(i.I2C_ClearFlag), (12 bytes).
    Removing stm32f10x_i2c.o(i.I2C_ClearITPendingBit), (12 bytes).
    Removing stm32f10x_i2c.o(i.I2C_Cmd), (24 bytes).
    Removing stm32f10x_i2c.o(i.I2C_DMACmd), (24 bytes).
    Removing stm32f10x_i2c.o(i.I2C_DMALastTransferCmd), (24 bytes).
    Removing stm32f10x_i2c.o(i.I2C_DeInit), (56 bytes).
    Removing stm32f10x_i2c.o(i.I2C_DualAddressCmd), (24 bytes).
    Removing stm32f10x_i2c.o(i.I2C_FastModeDutyCycleConfig), (28 bytes).
    Removing stm32f10x_i2c.o(i.I2C_GeneralCallCmd), (24 bytes).
    Removing stm32f10x_i2c.o(i.I2C_GenerateSTART), (24 bytes).
    Removing stm32f10x_i2c.o(i.I2C_GenerateSTOP), (24 bytes).
    Removing stm32f10x_i2c.o(i.I2C_GetFlagStatus), (58 bytes).
    Removing stm32f10x_i2c.o(i.I2C_GetITStatus), (38 bytes).
    Removing stm32f10x_i2c.o(i.I2C_GetLastEvent), (26 bytes).
    Removing stm32f10x_i2c.o(i.I2C_GetPEC), (8 bytes).
    Removing stm32f10x_i2c.o(i.I2C_ITConfig), (18 bytes).
    Removing stm32f10x_i2c.o(i.I2C_Init), (236 bytes).
    Removing stm32f10x_i2c.o(i.I2C_NACKPositionConfig), (28 bytes).
    Removing stm32f10x_i2c.o(i.I2C_OwnAddress2Config), (22 bytes).
    Removing stm32f10x_i2c.o(i.I2C_PECPositionConfig), (28 bytes).
    Removing stm32f10x_i2c.o(i.I2C_ReadRegister), (22 bytes).
    Removing stm32f10x_i2c.o(i.I2C_ReceiveData), (8 bytes).
    Removing stm32f10x_i2c.o(i.I2C_SMBusAlertConfig), (28 bytes).
    Removing stm32f10x_i2c.o(i.I2C_Send7bitAddress), (18 bytes).
    Removing stm32f10x_i2c.o(i.I2C_SendData), (4 bytes).
    Removing stm32f10x_i2c.o(i.I2C_SoftwareResetCmd), (22 bytes).
    Removing stm32f10x_i2c.o(i.I2C_StretchClockCmd), (24 bytes).
    Removing stm32f10x_i2c.o(i.I2C_StructInit), (30 bytes).
    Removing stm32f10x_i2c.o(i.I2C_TransmitPEC), (24 bytes).
    Removing stm32f10x_iwdg.o(i.IWDG_GetFlagStatus), (24 bytes).
    Removing stm32f10x_pwr.o(i.PWR_BackupAccessCmd), (12 bytes).
    Removing stm32f10x_pwr.o(i.PWR_ClearFlag), (20 bytes).
    Removing stm32f10x_pwr.o(i.PWR_DeInit), (22 bytes).
    Removing stm32f10x_pwr.o(i.PWR_EnterSTANDBYMode), (52 bytes).
    Removing stm32f10x_pwr.o(i.PWR_EnterSTOPMode), (64 bytes).
    Removing stm32f10x_pwr.o(i.PWR_GetFlagStatus), (24 bytes).
    Removing stm32f10x_pwr.o(i.PWR_PVDCmd), (12 bytes).
    Removing stm32f10x_pwr.o(i.PWR_PVDLevelConfig), (24 bytes).
    Removing stm32f10x_pwr.o(i.PWR_WakeUpPinCmd), (12 bytes).
    Removing stm32f10x_rcc.o(i.RCC_APB1PeriphResetCmd), (32 bytes).
    Removing stm32f10x_rcc.o(i.RCC_APB2PeriphResetCmd), (32 bytes).
    Removing stm32f10x_rcc.o(i.RCC_AdjustHSICalibrationValue), (24 bytes).
    Removing stm32f10x_rcc.o(i.RCC_BackupResetCmd), (12 bytes).
    Removing stm32f10x_rcc.o(i.RCC_ClearFlag), (20 bytes).
    Removing stm32f10x_rcc.o(i.RCC_ClearITPendingBit), (12 bytes).
    Removing stm32f10x_rcc.o(i.RCC_ClockSecuritySystemCmd), (12 bytes).
    Removing stm32f10x_rcc.o(i.RCC_DeInit), (76 bytes).
    Removing stm32f10x_rcc.o(i.RCC_GetFlagStatus), (60 bytes).
    Removing stm32f10x_rcc.o(i.RCC_GetITStatus), (24 bytes).
    Removing stm32f10x_rcc.o(i.RCC_GetSYSCLKSource), (16 bytes).
    Removing stm32f10x_rcc.o(i.RCC_HCLKConfig), (24 bytes).
    Removing stm32f10x_rcc.o(i.RCC_HSEConfig), (76 bytes).
    Removing stm32f10x_rcc.o(i.RCC_HSICmd), (12 bytes).
    Removing stm32f10x_rcc.o(i.RCC_ITConfig), (32 bytes).
    Removing stm32f10x_rcc.o(i.RCC_LSEConfig), (52 bytes).
    Removing stm32f10x_rcc.o(i.RCC_LSICmd), (12 bytes).
    Removing stm32f10x_rcc.o(i.RCC_MCOConfig), (12 bytes).
    Removing stm32f10x_rcc.o(i.RCC_PCLK1Config), (24 bytes).
    Removing stm32f10x_rcc.o(i.RCC_PCLK2Config), (24 bytes).
    Removing stm32f10x_rcc.o(i.RCC_PLLCmd), (12 bytes).
    Removing stm32f10x_rcc.o(i.RCC_PLLConfig), (28 bytes).
    Removing stm32f10x_rcc.o(i.RCC_RTCCLKCmd), (12 bytes).
    Removing stm32f10x_rcc.o(i.RCC_RTCCLKConfig), (16 bytes).
    Removing stm32f10x_rcc.o(i.RCC_SYSCLKConfig), (24 bytes).
    Removing stm32f10x_rcc.o(i.RCC_USBCLKConfig), (12 bytes).
    Removing stm32f10x_rcc.o(i.RCC_WaitForHSEStartUp), (56 bytes).
    Removing stm32f10x_rtc.o(i.RTC_ClearFlag), (16 bytes).
    Removing stm32f10x_rtc.o(i.RTC_ClearITPendingBit), (16 bytes).
    Removing stm32f10x_rtc.o(i.RTC_EnterConfigMode), (20 bytes).
    Removing stm32f10x_rtc.o(i.RTC_ExitConfigMode), (20 bytes).
    Removing stm32f10x_rtc.o(i.RTC_GetCounter), (20 bytes).
    Removing stm32f10x_rtc.o(i.RTC_GetDivider), (24 bytes).
    Removing stm32f10x_rtc.o(i.RTC_GetFlagStatus), (24 bytes).
    Removing stm32f10x_rtc.o(i.RTC_GetITStatus), (36 bytes).
    Removing stm32f10x_rtc.o(i.RTC_ITConfig), (32 bytes).
    Removing stm32f10x_rtc.o(i.RTC_SetAlarm), (28 bytes).
    Removing stm32f10x_rtc.o(i.RTC_SetCounter), (28 bytes).
    Removing stm32f10x_rtc.o(i.RTC_SetPrescaler), (32 bytes).
    Removing stm32f10x_rtc.o(i.RTC_WaitForLastTask), (20 bytes).
    Removing stm32f10x_rtc.o(i.RTC_WaitForSynchro), (36 bytes).
    Removing stm32f10x_sdio.o(i.SDIO_CEATAITCmd), (16 bytes).
    Removing stm32f10x_sdio.o(i.SDIO_ClearFlag), (12 bytes).
    Removing stm32f10x_sdio.o(i.SDIO_ClearITPendingBit), (12 bytes).
    Removing stm32f10x_sdio.o(i.SDIO_ClockCmd), (12 bytes).
    Removing stm32f10x_sdio.o(i.SDIO_CmdStructInit), (14 bytes).
    Removing stm32f10x_sdio.o(i.SDIO_CommandCompletionCmd), (12 bytes).
    Removing stm32f10x_sdio.o(i.SDIO_DMACmd), (12 bytes).
    Removing stm32f10x_sdio.o(i.SDIO_DataConfig), (48 bytes).
    Removing stm32f10x_sdio.o(i.SDIO_DataStructInit), (20 bytes).
    Removing stm32f10x_sdio.o(i.SDIO_DeInit), (36 bytes).
    Removing stm32f10x_sdio.o(i.SDIO_GetCommandResponse), (12 bytes).
    Removing stm32f10x_sdio.o(i.SDIO_GetDataCounter), (12 bytes).
    Removing stm32f10x_sdio.o(i.SDIO_GetFIFOCount), (12 bytes).
    Removing stm32f10x_sdio.o(i.SDIO_GetFlagStatus), (24 bytes).
    Removing stm32f10x_sdio.o(i.SDIO_GetITStatus), (24 bytes).
    Removing stm32f10x_sdio.o(i.SDIO_GetPowerState), (16 bytes).
    Removing stm32f10x_sdio.o(i.SDIO_GetResponse), (24 bytes).
    Removing stm32f10x_sdio.o(i.SDIO_ITConfig), (32 bytes).
    Removing stm32f10x_sdio.o(i.SDIO_Init), (48 bytes).
    Removing stm32f10x_sdio.o(i.SDIO_ReadData), (12 bytes).
    Removing stm32f10x_sdio.o(i.SDIO_SendCEATACmd), (12 bytes).
    Removing stm32f10x_sdio.o(i.SDIO_SendCommand), (44 bytes).
    Removing stm32f10x_sdio.o(i.SDIO_SendSDIOSuspendCmd), (12 bytes).
    Removing stm32f10x_sdio.o(i.SDIO_SetPowerState), (28 bytes).
    Removing stm32f10x_sdio.o(i.SDIO_SetSDIOOperation), (12 bytes).
    Removing stm32f10x_sdio.o(i.SDIO_SetSDIOReadWaitMode), (12 bytes).
    Removing stm32f10x_sdio.o(i.SDIO_StartSDIOReadWait), (12 bytes).
    Removing stm32f10x_sdio.o(i.SDIO_StopSDIOReadWait), (12 bytes).
    Removing stm32f10x_sdio.o(i.SDIO_StructInit), (16 bytes).
    Removing stm32f10x_sdio.o(i.SDIO_WriteData), (12 bytes).
    Removing stm32f10x_spi.o(i.I2S_Cmd), (24 bytes).
    Removing stm32f10x_spi.o(i.I2S_Init), (232 bytes).
    Removing stm32f10x_spi.o(i.I2S_StructInit), (20 bytes).
    Removing stm32f10x_spi.o(i.SPI_BiDirectionalLineConfig), (28 bytes).
    Removing stm32f10x_spi.o(i.SPI_CalculateCRC), (24 bytes).
    Removing stm32f10x_spi.o(i.SPI_Cmd), (24 bytes).
    Removing stm32f10x_spi.o(i.SPI_DataSizeConfig), (18 bytes).
    Removing stm32f10x_spi.o(i.SPI_GetCRC), (16 bytes).
    Removing stm32f10x_spi.o(i.SPI_GetCRCPolynomial), (6 bytes).
    Removing stm32f10x_spi.o(i.SPI_I2S_ClearFlag), (6 bytes).
    Removing stm32f10x_spi.o(i.SPI_I2S_ClearITPendingBit), (20 bytes).
    Removing stm32f10x_spi.o(i.SPI_I2S_DMACmd), (18 bytes).
    Removing stm32f10x_spi.o(i.SPI_I2S_DeInit), (88 bytes).
    Removing stm32f10x_spi.o(i.SPI_I2S_GetFlagStatus), (18 bytes).
    Removing stm32f10x_spi.o(i.SPI_I2S_GetITStatus), (52 bytes).
    Removing stm32f10x_spi.o(i.SPI_I2S_ITConfig), (32 bytes).
    Removing stm32f10x_spi.o(i.SPI_I2S_ReceiveData), (6 bytes).
    Removing stm32f10x_spi.o(i.SPI_I2S_SendData), (4 bytes).
    Removing stm32f10x_spi.o(i.SPI_Init), (60 bytes).
    Removing stm32f10x_spi.o(i.SPI_NSSInternalSoftwareConfig), (30 bytes).
    Removing stm32f10x_spi.o(i.SPI_SSOutputCmd), (24 bytes).
    Removing stm32f10x_spi.o(i.SPI_StructInit), (24 bytes).
    Removing stm32f10x_spi.o(i.SPI_TransmitCRC), (10 bytes).
    Removing stm32f10x_tim.o(i.TI1_Config), (128 bytes).
    Removing stm32f10x_tim.o(i.TI2_Config), (152 bytes).
    Removing stm32f10x_tim.o(i.TI3_Config), (144 bytes).
    Removing stm32f10x_tim.o(i.TI4_Config), (152 bytes).
    Removing stm32f10x_tim.o(i.TIM_ARRPreloadConfig), (24 bytes).
    Removing stm32f10x_tim.o(i.TIM_BDTRConfig), (32 bytes).
    Removing stm32f10x_tim.o(i.TIM_BDTRStructInit), (18 bytes).
    Removing stm32f10x_tim.o(i.TIM_CCPreloadControl), (24 bytes).
    Removing stm32f10x_tim.o(i.TIM_CCxCmd), (30 bytes).
    Removing stm32f10x_tim.o(i.TIM_CCxNCmd), (30 bytes).
    Removing stm32f10x_tim.o(i.TIM_ClearFlag), (6 bytes).
    Removing stm32f10x_tim.o(i.TIM_ClearITPendingBit), (6 bytes).
    Removing stm32f10x_tim.o(i.TIM_ClearOC1Ref), (18 bytes).
    Removing stm32f10x_tim.o(i.TIM_ClearOC2Ref), (24 bytes).
    Removing stm32f10x_tim.o(i.TIM_ClearOC3Ref), (18 bytes).
    Removing stm32f10x_tim.o(i.TIM_ClearOC4Ref), (24 bytes).
    Removing stm32f10x_tim.o(i.TIM_Cmd), (24 bytes).
    Removing stm32f10x_tim.o(i.TIM_CounterModeConfig), (18 bytes).
    Removing stm32f10x_tim.o(i.TIM_CtrlPWMOutputs), (30 bytes).
    Removing stm32f10x_tim.o(i.TIM_DMACmd), (18 bytes).
    Removing stm32f10x_tim.o(i.TIM_DMAConfig), (10 bytes).
    Removing stm32f10x_tim.o(i.TIM_DeInit), (488 bytes).
    Removing stm32f10x_tim.o(i.TIM_ETRClockMode1Config), (54 bytes).
    Removing stm32f10x_tim.o(i.TIM_ETRClockMode2Config), (32 bytes).
    Removing stm32f10x_tim.o(i.TIM_ETRConfig), (28 bytes).
    Removing stm32f10x_tim.o(i.TIM_EncoderInterfaceConfig), (66 bytes).
    Removing stm32f10x_tim.o(i.TIM_ForcedOC1Config), (18 bytes).
    Removing stm32f10x_tim.o(i.TIM_ForcedOC2Config), (26 bytes).
    Removing stm32f10x_tim.o(i.TIM_ForcedOC3Config), (18 bytes).
    Removing stm32f10x_tim.o(i.TIM_ForcedOC4Config), (26 bytes).
    Removing stm32f10x_tim.o(i.TIM_GenerateEvent), (4 bytes).
    Removing stm32f10x_tim.o(i.TIM_GetCapture1), (6 bytes).
    Removing stm32f10x_tim.o(i.TIM_GetCapture2), (6 bytes).
    Removing stm32f10x_tim.o(i.TIM_GetCapture3), (6 bytes).
    Removing stm32f10x_tim.o(i.TIM_GetCapture4), (8 bytes).
    Removing stm32f10x_tim.o(i.TIM_GetCounter), (6 bytes).
    Removing stm32f10x_tim.o(i.TIM_GetFlagStatus), (18 bytes).
    Removing stm32f10x_tim.o(i.TIM_GetITStatus), (34 bytes).
    Removing stm32f10x_tim.o(i.TIM_GetPrescaler), (6 bytes).
    Removing stm32f10x_tim.o(i.TIM_ICInit), (172 bytes).
    Removing stm32f10x_tim.o(i.TIM_ICStructInit), (18 bytes).
    Removing stm32f10x_tim.o(i.TIM_ITConfig), (18 bytes).
    Removing stm32f10x_tim.o(i.TIM_ITRxExternalClockConfig), (24 bytes).
    Removing stm32f10x_tim.o(i.TIM_InternalClockConfig), (12 bytes).
    Removing stm32f10x_tim.o(i.TIM_OC1FastConfig), (18 bytes).
    Removing stm32f10x_tim.o(i.TIM_OC1Init), (152 bytes).
    Removing stm32f10x_tim.o(i.TIM_OC1NPolarityConfig), (18 bytes).
    Removing stm32f10x_tim.o(i.TIM_OC1PolarityConfig), (18 bytes).
    Removing stm32f10x_tim.o(i.TIM_OC1PreloadConfig), (18 bytes).
    Removing stm32f10x_tim.o(i.TIM_OC2FastConfig), (26 bytes).
    Removing stm32f10x_tim.o(i.TIM_OC2Init), (164 bytes).
    Removing stm32f10x_tim.o(i.TIM_OC2NPolarityConfig), (26 bytes).
    Removing stm32f10x_tim.o(i.TIM_OC2PolarityConfig), (26 bytes).
    Removing stm32f10x_tim.o(i.TIM_OC2PreloadConfig), (26 bytes).
    Removing stm32f10x_tim.o(i.TIM_OC3FastConfig), (18 bytes).
    Removing stm32f10x_tim.o(i.TIM_OC3Init), (160 bytes).
    Removing stm32f10x_tim.o(i.TIM_OC3NPolarityConfig), (26 bytes).
    Removing stm32f10x_tim.o(i.TIM_OC3PolarityConfig), (26 bytes).
    Removing stm32f10x_tim.o(i.TIM_OC3PreloadConfig), (18 bytes).
    Removing stm32f10x_tim.o(i.TIM_OC4FastConfig), (26 bytes).
    Removing stm32f10x_tim.o(i.TIM_OC4Init), (124 bytes).
    Removing stm32f10x_tim.o(i.TIM_OC4PolarityConfig), (26 bytes).
    Removing stm32f10x_tim.o(i.TIM_OC4PreloadConfig), (26 bytes).
    Removing stm32f10x_tim.o(i.TIM_OCStructInit), (20 bytes).
    Removing stm32f10x_tim.o(i.TIM_PWMIConfig), (124 bytes).
    Removing stm32f10x_tim.o(i.TIM_PrescalerConfig), (6 bytes).
    Removing stm32f10x_tim.o(i.TIM_SelectCCDMA), (24 bytes).
    Removing stm32f10x_tim.o(i.TIM_SelectCOM), (24 bytes).
    Removing stm32f10x_tim.o(i.TIM_SelectHallSensor), (24 bytes).
    Removing stm32f10x_tim.o(i.TIM_SelectInputTrigger), (18 bytes).
    Removing stm32f10x_tim.o(i.TIM_SelectMasterSlaveMode), (18 bytes).
    Removing stm32f10x_tim.o(i.TIM_SelectOCxM), (82 bytes).
    Removing stm32f10x_tim.o(i.TIM_SelectOnePulseMode), (18 bytes).
    Removing stm32f10x_tim.o(i.TIM_SelectOutputTrigger), (18 bytes).
    Removing stm32f10x_tim.o(i.TIM_SelectSlaveMode), (18 bytes).
    Removing stm32f10x_tim.o(i.TIM_SetAutoreload), (4 bytes).
    Removing stm32f10x_tim.o(i.TIM_SetClockDivision), (18 bytes).
    Removing stm32f10x_tim.o(i.TIM_SetCompare1), (4 bytes).
    Removing stm32f10x_tim.o(i.TIM_SetCompare2), (4 bytes).
    Removing stm32f10x_tim.o(i.TIM_SetCompare3), (4 bytes).
    Removing stm32f10x_tim.o(i.TIM_SetCompare4), (6 bytes).
    Removing stm32f10x_tim.o(i.TIM_SetCounter), (4 bytes).
    Removing stm32f10x_tim.o(i.TIM_SetIC1Prescaler), (18 bytes).
    Removing stm32f10x_tim.o(i.TIM_SetIC2Prescaler), (26 bytes).
    Removing stm32f10x_tim.o(i.TIM_SetIC3Prescaler), (18 bytes).
    Removing stm32f10x_tim.o(i.TIM_SetIC4Prescaler), (26 bytes).
    Removing stm32f10x_tim.o(i.TIM_TIxExternalClockConfig), (62 bytes).
    Removing stm32f10x_tim.o(i.TIM_TimeBaseInit), (164 bytes).
    Removing stm32f10x_tim.o(i.TIM_TimeBaseStructInit), (18 bytes).
    Removing stm32f10x_tim.o(i.TIM_UpdateDisableConfig), (24 bytes).
    Removing stm32f10x_tim.o(i.TIM_UpdateRequestConfig), (24 bytes).
    Removing stm32f10x_usart.o(i.USART_ClearFlag), (18 bytes).
    Removing stm32f10x_usart.o(i.USART_ClockInit), (34 bytes).
    Removing stm32f10x_usart.o(i.USART_ClockStructInit), (12 bytes).
    Removing stm32f10x_usart.o(i.USART_DMACmd), (18 bytes).
    Removing stm32f10x_usart.o(i.USART_DeInit), (156 bytes).
    Removing stm32f10x_usart.o(i.USART_HalfDuplexCmd), (24 bytes).
    Removing stm32f10x_usart.o(i.USART_IrDACmd), (24 bytes).
    Removing stm32f10x_usart.o(i.USART_IrDAConfig), (18 bytes).
    Removing stm32f10x_usart.o(i.USART_LINBreakDetectLengthConfig), (18 bytes).
    Removing stm32f10x_usart.o(i.USART_LINCmd), (24 bytes).
    Removing stm32f10x_usart.o(i.USART_OneBitMethodCmd), (24 bytes).
    Removing stm32f10x_usart.o(i.USART_OverSampling8Cmd), (22 bytes).
    Removing stm32f10x_usart.o(i.USART_ReceiverWakeUpCmd), (24 bytes).
    Removing stm32f10x_usart.o(i.USART_SendBreak), (10 bytes).
    Removing stm32f10x_usart.o(i.USART_SetAddress), (18 bytes).
    Removing stm32f10x_usart.o(i.USART_SetGuardTime), (16 bytes).
    Removing stm32f10x_usart.o(i.USART_SetPrescaler), (16 bytes).
    Removing stm32f10x_usart.o(i.USART_SmartCardCmd), (24 bytes).
    Removing stm32f10x_usart.o(i.USART_SmartCardNACKCmd), (24 bytes).
    Removing stm32f10x_usart.o(i.USART_StructInit), (24 bytes).
    Removing stm32f10x_usart.o(i.USART_WakeUpConfig), (18 bytes).
    Removing stm32f10x_wwdg.o(i.WWDG_ClearFlag), (12 bytes).
    Removing stm32f10x_wwdg.o(i.WWDG_DeInit), (22 bytes).
    Removing stm32f10x_wwdg.o(i.WWDG_Enable), (16 bytes).
    Removing stm32f10x_wwdg.o(i.WWDG_EnableIT), (12 bytes).
    Removing stm32f10x_wwdg.o(i.WWDG_GetFlagStatus), (12 bytes).
    Removing stm32f10x_wwdg.o(i.WWDG_SetCounter), (16 bytes).
    Removing stm32f10x_wwdg.o(i.WWDG_SetPrescaler), (24 bytes).
    Removing stm32f10x_wwdg.o(i.WWDG_SetWindowValue), (40 bytes).
    Removing main.o(.bss), (800 bytes).
    Removing mbsvr_comm.o(i.Usart_SendHalfWord), (60 bytes).
    Removing bsp_exti.o(i.EXTI_Key_Config), (140 bytes).
    Removing bsp_exti.o(i.NVIC_Configuration), (50 bytes).
    Removing systick.o(i.Delay_ms), (24 bytes).
    Removing dadd.o(.text), (334 bytes).
    Removing dfixul.o(.text), (48 bytes).
    Removing cdrcmple.o(.text), (48 bytes).

433 unused section(s) (total 18146 bytes) removed from the image.

==============================================================================

Image Symbol Table

    Local Symbols

    Symbol Name                              Value     Ov Type        Size  Object(Section)

    ../clib/../cmprslib/zerorunl2.c          0x00000000   Number         0  __dczerorl2.o ABSOLUTE
    ../clib/microlib/division.c              0x00000000   Number         0  uidiv.o ABSOLUTE
    ../clib/microlib/division.c              0x00000000   Number         0  uldiv.o ABSOLUTE
    ../clib/microlib/init/entry.s            0x00000000   Number         0  entry11b.o ABSOLUTE
    ../clib/microlib/init/entry.s            0x00000000   Number         0  entry2.o ABSOLUTE
    ../clib/microlib/init/entry.s            0x00000000   Number         0  entry5.o ABSOLUTE
    ../clib/microlib/init/entry.s            0x00000000   Number         0  entry7a.o ABSOLUTE
    ../clib/microlib/init/entry.s            0x00000000   Number         0  entry7b.o ABSOLUTE
    ../clib/microlib/init/entry.s            0x00000000   Number         0  entry8a.o ABSOLUTE
    ../clib/microlib/init/entry.s            0x00000000   Number         0  entry8b.o ABSOLUTE
    ../clib/microlib/init/entry.s            0x00000000   Number         0  entry9a.o ABSOLUTE
    ../clib/microlib/init/entry.s            0x00000000   Number         0  entry9b.o ABSOLUTE
    ../clib/microlib/init/entry.s            0x00000000   Number         0  entry10b.o ABSOLUTE
    ../clib/microlib/init/entry.s            0x00000000   Number         0  entry11a.o ABSOLUTE
    ../clib/microlib/init/entry.s            0x00000000   Number         0  entry10a.o ABSOLUTE
    ../clib/microlib/init/entry.s            0x00000000   Number         0  entry.o ABSOLUTE
    ../clib/microlib/longlong.c              0x00000000   Number         0  llsshr.o ABSOLUTE
    ../clib/microlib/longlong.c              0x00000000   Number         0  llushr.o ABSOLUTE
    ../clib/microlib/longlong.c              0x00000000   Number         0  llshl.o ABSOLUTE
    ../clib/microlib/malloc/malloc.c         0x00000000   Number         0  mallocr.o ABSOLUTE
    ../clib/microlib/malloc/malloc.c         0x00000000   Number         0  mallocra.o ABSOLUTE
    ../clib/microlib/malloc/malloc.c         0x00000000   Number         0  malloca.o ABSOLUTE
    ../clib/microlib/malloc/malloc.c         0x00000000   Number         0  malloc.o ABSOLUTE
    ../clib/microlib/malloc/mvars.c          0x00000000   Number         0  mvars.o ABSOLUTE
    ../clib/microlib/printf/printf.c         0x00000000   Number         0  printfb.o ABSOLUTE
    ../clib/microlib/printf/printf.c         0x00000000   Number         0  printfa.o ABSOLUTE
    ../clib/microlib/printf/printf.c         0x00000000   Number         0  printf3.o ABSOLUTE
    ../clib/microlib/printf/printf.c         0x00000000   Number         0  printf8.o ABSOLUTE
    ../clib/microlib/printf/printf.c         0x00000000   Number         0  printf7.o ABSOLUTE
    ../clib/microlib/printf/printf.c         0x00000000   Number         0  printf6.o ABSOLUTE
    ../clib/microlib/printf/printf.c         0x00000000   Number         0  printf5.o ABSOLUTE
    ../clib/microlib/printf/printf.c         0x00000000   Number         0  printf4.o ABSOLUTE
    ../clib/microlib/printf/printf.c         0x00000000   Number         0  printf2.o ABSOLUTE
    ../clib/microlib/printf/printf.c         0x00000000   Number         0  printf1.o ABSOLUTE
    ../clib/microlib/printf/printf.c         0x00000000   Number         0  printf0.o ABSOLUTE
    ../clib/microlib/printf/stubs.s          0x00000000   Number         0  stubs.o ABSOLUTE
    ../clib/microlib/stdio/fputc.c           0x00000000   Number         0  fputc.o ABSOLUTE
    ../clib/microlib/stdio/semi.s            0x00000000   Number         0  semi.o ABSOLUTE
    ../clib/microlib/stdio/streams.c         0x00000000   Number         0  stdout.o ABSOLUTE
    ../clib/microlib/string/memcpy.c         0x00000000   Number         0  memcpyb.o ABSOLUTE
    ../clib/microlib/string/memcpy.c         0x00000000   Number         0  memcpya.o ABSOLUTE
    ../clib/microlib/stubs.s                 0x00000000   Number         0  iusesemip.o ABSOLUTE
    ../clib/microlib/stubs.s                 0x00000000   Number         0  iusefp.o ABSOLUTE
    ../fplib/microlib/d2f.c                  0x00000000   Number         0  d2f.o ABSOLUTE
    ../fplib/microlib/f2d.c                  0x00000000   Number         0  f2d.o ABSOLUTE
    ../fplib/microlib/fpadd.c                0x00000000   Number         0  dadd.o ABSOLUTE
    ../fplib/microlib/fpdiv.c                0x00000000   Number         0  ddiv.o ABSOLUTE
    ../fplib/microlib/fpepilogue.c           0x00000000   Number         0  depilogue.o ABSOLUTE
    ../fplib/microlib/fpepilogue.c           0x00000000   Number         0  fepilogue.o ABSOLUTE
    ../fplib/microlib/fpfix.c                0x00000000   Number         0  dfixul.o ABSOLUTE
    ../fplib/microlib/fpfix.c                0x00000000   Number         0  ffixui.o ABSOLUTE
    ../fplib/microlib/fpfix.c                0x00000000   Number         0  ffixi.o ABSOLUTE
    ../fplib/microlib/fpmul.c                0x00000000   Number         0  dmul.o ABSOLUTE
    ..\Bsp\SysTick.c                         0x00000000   Number         0  systick.o ABSOLUTE
    ..\Bsp\adc.c                             0x00000000   Number         0  adc.o ABSOLUTE
    ..\Bsp\bsp_exti.c                        0x00000000   Number         0  bsp_exti.o ABSOLUTE
    ..\Bsp\bsp_innerflash.c                  0x00000000   Number         0  bsp_innerflash.o ABSOLUTE
    ..\Bsp\bsp_led.c                         0x00000000   Number         0  bsp_led.o ABSOLUTE
    ..\Libraries\CMSIS\core_cm3.c            0x00000000   Number         0  core_cm3.o ABSOLUTE
    ..\Libraries\CMSIS\startup\startup_stm32f10x_hd.s 0x00000000   Number         0  startup_stm32f10x_hd.o ABSOLUTE
    ..\Libraries\CMSIS\system_stm32f10x.c    0x00000000   Number         0  system_stm32f10x.o ABSOLUTE
    ..\Libraries\STM32F10x_StdPeriph_Driver\src\misc.c 0x00000000   Number         0  misc.o ABSOLUTE
    ..\Libraries\STM32F10x_StdPeriph_Driver\src\stm32f10x_adc.c 0x00000000   Number         0  stm32f10x_adc.o ABSOLUTE
    ..\Libraries\STM32F10x_StdPeriph_Driver\src\stm32f10x_bkp.c 0x00000000   Number         0  stm32f10x_bkp.o ABSOLUTE
    ..\Libraries\STM32F10x_StdPeriph_Driver\src\stm32f10x_can.c 0x00000000   Number         0  stm32f10x_can.o ABSOLUTE
    ..\Libraries\STM32F10x_StdPeriph_Driver\src\stm32f10x_cec.c 0x00000000   Number         0  stm32f10x_cec.o ABSOLUTE
    ..\Libraries\STM32F10x_StdPeriph_Driver\src\stm32f10x_crc.c 0x00000000   Number         0  stm32f10x_crc.o ABSOLUTE
    ..\Libraries\STM32F10x_StdPeriph_Driver\src\stm32f10x_dac.c 0x00000000   Number         0  stm32f10x_dac.o ABSOLUTE
    ..\Libraries\STM32F10x_StdPeriph_Driver\src\stm32f10x_dbgmcu.c 0x00000000   Number         0  stm32f10x_dbgmcu.o ABSOLUTE
    ..\Libraries\STM32F10x_StdPeriph_Driver\src\stm32f10x_dma.c 0x00000000   Number         0  stm32f10x_dma.o ABSOLUTE
    ..\Libraries\STM32F10x_StdPeriph_Driver\src\stm32f10x_exti.c 0x00000000   Number         0  stm32f10x_exti.o ABSOLUTE
    ..\Libraries\STM32F10x_StdPeriph_Driver\src\stm32f10x_flash.c 0x00000000   Number         0  stm32f10x_flash.o ABSOLUTE
    ..\Libraries\STM32F10x_StdPeriph_Driver\src\stm32f10x_fsmc.c 0x00000000   Number         0  stm32f10x_fsmc.o ABSOLUTE
    ..\Libraries\STM32F10x_StdPeriph_Driver\src\stm32f10x_gpio.c 0x00000000   Number         0  stm32f10x_gpio.o ABSOLUTE
    ..\Libraries\STM32F10x_StdPeriph_Driver\src\stm32f10x_i2c.c 0x00000000   Number         0  stm32f10x_i2c.o ABSOLUTE
    ..\Libraries\STM32F10x_StdPeriph_Driver\src\stm32f10x_iwdg.c 0x00000000   Number         0  stm32f10x_iwdg.o ABSOLUTE
    ..\Libraries\STM32F10x_StdPeriph_Driver\src\stm32f10x_pwr.c 0x00000000   Number         0  stm32f10x_pwr.o ABSOLUTE
    ..\Libraries\STM32F10x_StdPeriph_Driver\src\stm32f10x_rcc.c 0x00000000   Number         0  stm32f10x_rcc.o ABSOLUTE
    ..\Libraries\STM32F10x_StdPeriph_Driver\src\stm32f10x_rtc.c 0x00000000   Number         0  stm32f10x_rtc.o ABSOLUTE
    ..\Libraries\STM32F10x_StdPeriph_Driver\src\stm32f10x_sdio.c 0x00000000   Number         0  stm32f10x_sdio.o ABSOLUTE
    ..\Libraries\STM32F10x_StdPeriph_Driver\src\stm32f10x_spi.c 0x00000000   Number         0  stm32f10x_spi.o ABSOLUTE
    ..\Libraries\STM32F10x_StdPeriph_Driver\src\stm32f10x_tim.c 0x00000000   Number         0  stm32f10x_tim.o ABSOLUTE
    ..\Libraries\STM32F10x_StdPeriph_Driver\src\stm32f10x_usart.c 0x00000000   Number         0  stm32f10x_usart.o ABSOLUTE
    ..\Libraries\STM32F10x_StdPeriph_Driver\src\stm32f10x_wwdg.c 0x00000000   Number         0  stm32f10x_wwdg.o ABSOLUTE
    ..\User\Mbsvr_comm.c                     0x00000000   Number         0  mbsvr_comm.o ABSOLUTE
    ..\User\Modbus_svr.c                     0x00000000   Number         0  modbus_svr.o ABSOLUTE
    ..\User\SBG_Comm.c                       0x00000000   Number         0  sbg_comm.o ABSOLUTE
    ..\User\main.c                           0x00000000   Number         0  main.o ABSOLUTE
    ..\User\stm32f10x_it.c                   0x00000000   Number         0  stm32f10x_it.o ABSOLUTE
    ..\\Libraries\\CMSIS\\core_cm3.c         0x00000000   Number         0  core_cm3.o ABSOLUTE
    cdrcmple.s                               0x00000000   Number         0  cdrcmple.o ABSOLUTE
    dc.s                                     0x00000000   Number         0  dc.o ABSOLUTE
    handlers.s                               0x00000000   Number         0  handlers.o ABSOLUTE
    init.s                                   0x00000000   Number         0  init.o ABSOLUTE
    RESET                                    0x08000000   Section      304  startup_stm32f10x_hd.o(RESET)
    .ARM.Collect$$$$00000000                 0x08000130   Section        0  entry.o(.ARM.Collect$$$$00000000)
    .ARM.Collect$$$$00000001                 0x08000130   Section        4  entry2.o(.ARM.Collect$$$$00000001)
    .ARM.Collect$$$$00000004                 0x08000134   Section        4  entry5.o(.ARM.Collect$$$$00000004)
    .ARM.Collect$$$$00000008                 0x08000138   Section        0  entry7b.o(.ARM.Collect$$$$00000008)
    .ARM.Collect$$$$0000000A                 0x08000138   Section        0  entry8b.o(.ARM.Collect$$$$0000000A)
    .ARM.Collect$$$$0000000B                 0x08000138   Section        8  entry9a.o(.ARM.Collect$$$$0000000B)
    .ARM.Collect$$$$0000000D                 0x08000140   Section        0  entry10a.o(.ARM.Collect$$$$0000000D)
    .ARM.Collect$$$$0000000F                 0x08000140   Section        0  entry11a.o(.ARM.Collect$$$$0000000F)
    .ARM.Collect$$$$00002712                 0x08000140   Section        4  entry2.o(.ARM.Collect$$$$00002712)
    __lit__00000000                          0x08000140   Data           4  entry2.o(.ARM.Collect$$$$00002712)
    .text                                    0x08000144   Section       36  startup_stm32f10x_hd.o(.text)
    .text                                    0x08000168   Section        0  memcpya.o(.text)
    .text                                    0x0800018c   Section        0  dmul.o(.text)
    .text                                    0x08000270   Section        0  ddiv.o(.text)
    .text                                    0x0800034e   Section        0  ffixi.o(.text)
    .text                                    0x08000380   Section        0  ffixui.o(.text)
    .text                                    0x080003a8   Section        0  f2d.o(.text)
    .text                                    0x080003ce   Section        0  d2f.o(.text)
    .text                                    0x08000406   Section        0  uidiv.o(.text)
    .text                                    0x08000432   Section        0  iusefp.o(.text)
    .text                                    0x08000432   Section        0  fepilogue.o(.text)
    .text                                    0x080004a0   Section        0  depilogue.o(.text)
    .text                                    0x0800055c   Section       36  init.o(.text)
    .text                                    0x08000580   Section        0  llshl.o(.text)
    .text                                    0x0800059e   Section        0  llushr.o(.text)
    .text                                    0x080005be   Section        0  __dczerorl2.o(.text)
    i.ADC1_GPIO_Config                       0x08000614   Section        0  adc.o(i.ADC1_GPIO_Config)
    ADC1_GPIO_Config                         0x08000615   Thumb Code   104  adc.o(i.ADC1_GPIO_Config)
    i.ADC1_Init                              0x08000680   Section        0  adc.o(i.ADC1_Init)
    i.ADC1_Mode_Config                       0x08000690   Section        0  adc.o(i.ADC1_Mode_Config)
    ADC1_Mode_Config                         0x08000691   Thumb Code   256  adc.o(i.ADC1_Mode_Config)
    i.ADC_Cmd                                0x0800079c   Section        0  stm32f10x_adc.o(i.ADC_Cmd)
    i.ADC_DMACmd                             0x080007b2   Section        0  stm32f10x_adc.o(i.ADC_DMACmd)
    i.ADC_GetCalibrationStatus               0x080007c8   Section        0  stm32f10x_adc.o(i.ADC_GetCalibrationStatus)
    i.ADC_GetResetCalibrationStatus          0x080007dc   Section        0  stm32f10x_adc.o(i.ADC_GetResetCalibrationStatus)
    i.ADC_Init                               0x080007f0   Section        0  stm32f10x_adc.o(i.ADC_Init)
    i.ADC_RegularChannelConfig               0x08000840   Section        0  stm32f10x_adc.o(i.ADC_RegularChannelConfig)
    i.ADC_ResetCalibration                   0x080008f8   Section        0  stm32f10x_adc.o(i.ADC_ResetCalibration)
    i.ADC_SoftwareStartConvCmd               0x08000902   Section        0  stm32f10x_adc.o(i.ADC_SoftwareStartConvCmd)
    i.ADC_StartCalibration                   0x08000918   Section        0  stm32f10x_adc.o(i.ADC_StartCalibration)
    i.BusFault_Handler                       0x08000922   Section        0  stm32f10x_it.o(i.BusFault_Handler)
    i.CRC16                                  0x08000928   Section        0  mbsvr_comm.o(i.CRC16)
    i.DMA1_Channel1_IRQHandler               0x08000958   Section        0  adc.o(i.DMA1_Channel1_IRQHandler)
    i.DMA_ClearITPendingBit                  0x08000990   Section        0  stm32f10x_dma.o(i.DMA_ClearITPendingBit)
    i.DMA_Cmd                                0x080009ac   Section        0  stm32f10x_dma.o(i.DMA_Cmd)
    i.DMA_DeInit                             0x080009c4   Section        0  stm32f10x_dma.o(i.DMA_DeInit)
    i.DMA_GetITStatus                        0x08000b10   Section        0  stm32f10x_dma.o(i.DMA_GetITStatus)
    i.DMA_ITConfig                           0x08000b3c   Section        0  stm32f10x_dma.o(i.DMA_ITConfig)
    i.DMA_Init                               0x08000b4e   Section        0  stm32f10x_dma.o(i.DMA_Init)
    i.DMA_NVIC_Configuration                 0x08000b8a   Section        0  adc.o(i.DMA_NVIC_Configuration)
    DMA_NVIC_Configuration                   0x08000b8b   Thumb Code    38  adc.o(i.DMA_NVIC_Configuration)
    i.DebugMon_Handler                       0x08000bb0   Section        0  stm32f10x_it.o(i.DebugMon_Handler)
    i.EXTI0_IRQHandler                       0x08000bb2   Section        0  bsp_exti.o(i.EXTI0_IRQHandler)
    i.EXTI15_10_IRQHandler                   0x08000bc4   Section        0  bsp_exti.o(i.EXTI15_10_IRQHandler)
    i.EXTI_ClearITPendingBit                 0x08000bdc   Section        0  stm32f10x_exti.o(i.EXTI_ClearITPendingBit)
    i.EXTI_GetITStatus                       0x08000be8   Section        0  stm32f10x_exti.o(i.EXTI_GetITStatus)
    i.FLASH_ClearFlag                        0x08000c10   Section        0  stm32f10x_flash.o(i.FLASH_ClearFlag)
    i.FLASH_ErasePage                        0x08000c1c   Section        0  stm32f10x_flash.o(i.FLASH_ErasePage)
    i.FLASH_GetBank1Status                   0x08000c68   Section        0  stm32f10x_flash.o(i.FLASH_GetBank1Status)
    i.FLASH_Lock                             0x08000c9c   Section        0  stm32f10x_flash.o(i.FLASH_Lock)
    i.FLASH_ProgramWord                      0x08000cb0   Section        0  stm32f10x_flash.o(i.FLASH_ProgramWord)
    i.FLASH_Unlock                           0x08000d1c   Section        0  stm32f10x_flash.o(i.FLASH_Unlock)
    i.FLASH_WaitForLastOperation             0x08000d34   Section        0  stm32f10x_flash.o(i.FLASH_WaitForLastOperation)
    i.GPIO_Init                              0x08000d5a   Section        0  stm32f10x_gpio.o(i.GPIO_Init)
    i.GPIO_PinRemapConfig                    0x08000e70   Section        0  stm32f10x_gpio.o(i.GPIO_PinRemapConfig)
    i.GPIO_ReadInputDataBit                  0x08000f00   Section        0  stm32f10x_gpio.o(i.GPIO_ReadInputDataBit)
    i.GPIO_ResetBits                         0x08000f12   Section        0  stm32f10x_gpio.o(i.GPIO_ResetBits)
    i.GPIO_SetBits                           0x08000f16   Section        0  stm32f10x_gpio.o(i.GPIO_SetBits)
    i.GetCurTick                             0x08000f1c   Section        0  systick.o(i.GetCurTick)
    i.GetTimer                               0x08000f28   Section        0  systick.o(i.GetTimer)
    i.Handle_Effect                          0x08000f54   Section        0  main.o(i.Handle_Effect)
    Handle_Effect                            0x08000f55   Thumb Code   368  main.o(i.Handle_Effect)
    i.HardFault_Handler                      0x080010d4   Section        0  stm32f10x_it.o(i.HardFault_Handler)
    i.IWDG_Configuration                     0x080010d8   Section        0  bsp_led.o(i.IWDG_Configuration)
    i.IWDG_Enable                            0x080010fc   Section        0  stm32f10x_iwdg.o(i.IWDG_Enable)
    i.IWDG_Feed                              0x0800110c   Section        0  bsp_led.o(i.IWDG_Feed)
    i.IWDG_ReloadCounter                     0x0800111c   Section        0  stm32f10x_iwdg.o(i.IWDG_ReloadCounter)
    i.IWDG_SetPrescaler                      0x0800112c   Section        0  stm32f10x_iwdg.o(i.IWDG_SetPrescaler)
    i.IWDG_SetReload                         0x08001138   Section        0  stm32f10x_iwdg.o(i.IWDG_SetReload)
    i.IWDG_WriteAccessCmd                    0x08001144   Section        0  stm32f10x_iwdg.o(i.IWDG_WriteAccessCmd)
    i.InputDigital                           0x08001150   Section        0  bsp_led.o(i.InputDigital)
    i.InternalFlashRead                      0x08001180   Section        0  bsp_innerflash.o(i.InternalFlashRead)
    i.InternalFlashWrite                     0x080011a4   Section        0  bsp_innerflash.o(i.InternalFlashWrite)
    i.LED_GPIO_Config                        0x080011f4   Section        0  bsp_led.o(i.LED_GPIO_Config)
    i.MODBUS_Config                          0x08001284   Section        0  modbus_svr.o(i.MODBUS_Config)
    MODBUS_Config                            0x08001285   Thumb Code   136  modbus_svr.o(i.MODBUS_Config)
    i.MemManage_Handler                      0x08001314   Section        0  stm32f10x_it.o(i.MemManage_Handler)
    i.ModbusSvr_NVIC_Configuration           0x08001318   Section        0  mbsvr_comm.o(i.ModbusSvr_NVIC_Configuration)
    i.ModbusSvr_block_init                   0x08001340   Section        0  mbsvr_comm.o(i.ModbusSvr_block_init)
    i.ModbusSvr_error_respose                0x0800156a   Section        0  mbsvr_comm.o(i.ModbusSvr_error_respose)
    ModbusSvr_error_respose                  0x0800156b   Thumb Code    64  mbsvr_comm.o(i.ModbusSvr_error_respose)
    i.ModbusSvr_isr                          0x080015aa   Section        0  mbsvr_comm.o(i.ModbusSvr_isr)
    i.ModbusSvr_normal_respose               0x0800160e   Section        0  mbsvr_comm.o(i.ModbusSvr_normal_respose)
    ModbusSvr_normal_respose                 0x0800160f   Thumb Code    58  mbsvr_comm.o(i.ModbusSvr_normal_respose)
    i.ModbusSvr_procotol_chain               0x08001648   Section        0  mbsvr_comm.o(i.ModbusSvr_procotol_chain)
    i.ModbusSvr_save_para                    0x080019b8   Section        0  mbsvr_comm.o(i.ModbusSvr_save_para)
    i.ModbusSvr_task                         0x080019dc   Section        0  mbsvr_comm.o(i.ModbusSvr_task)
    i.ModbusTimer                            0x08001a68   Section        0  modbus_svr.o(i.ModbusTimer)
    i.Modbus_SavePara                        0x08001a7c   Section        0  modbus_svr.o(i.Modbus_SavePara)
    i.Modbus_init                            0x08001a8c   Section        0  modbus_svr.o(i.Modbus_init)
    i.Modbus_task                            0x08001b84   Section        0  modbus_svr.o(i.Modbus_task)
    i.NMI_Handler                            0x08001b98   Section        0  stm32f10x_it.o(i.NMI_Handler)
    i.NVIC_Init                              0x08001b9c   Section        0  misc.o(i.NVIC_Init)
    i.NVIC_PriorityGroupConfig               0x08001c0c   Section        0  misc.o(i.NVIC_PriorityGroupConfig)
    i.OutputDigital                          0x08001c20   Section        0  bsp_led.o(i.OutputDigital)
    i.PendSV_Handler                         0x08001c60   Section        0  stm32f10x_it.o(i.PendSV_Handler)
    i.RCC_ADCCLKConfig                       0x08001c64   Section        0  stm32f10x_rcc.o(i.RCC_ADCCLKConfig)
    i.RCC_AHBPeriphClockCmd                  0x08001c7c   Section        0  stm32f10x_rcc.o(i.RCC_AHBPeriphClockCmd)
    i.RCC_APB1PeriphClockCmd                 0x08001c9c   Section        0  stm32f10x_rcc.o(i.RCC_APB1PeriphClockCmd)
    i.RCC_APB2PeriphClockCmd                 0x08001cbc   Section        0  stm32f10x_rcc.o(i.RCC_APB2PeriphClockCmd)
    i.RCC_GetClocksFreq                      0x08001cdc   Section        0  stm32f10x_rcc.o(i.RCC_GetClocksFreq)
    i.SBGDataProcess1                        0x08001db0   Section        0  sbg_comm.o(i.SBGDataProcess1)
    SBGDataProcess1                          0x08001db1   Thumb Code   250  sbg_comm.o(i.SBGDataProcess1)
    i.SBGDataProcess2                        0x08001ec4   Section        0  sbg_comm.o(i.SBGDataProcess2)
    SBGDataProcess2                          0x08001ec5   Thumb Code   402  sbg_comm.o(i.SBGDataProcess2)
    i.SBG_Init                               0x08002074   Section        0  sbg_comm.o(i.SBG_Init)
    i.SBG_Task                               0x080020a8   Section        0  sbg_comm.o(i.SBG_Task)
    i.SVC_Handler                            0x080020d4   Section        0  stm32f10x_it.o(i.SVC_Handler)
    i.SetSysClock                            0x080020d6   Section        0  system_stm32f10x.o(i.SetSysClock)
    SetSysClock                              0x080020d7   Thumb Code     8  system_stm32f10x.o(i.SetSysClock)
    i.SetSysClockTo72                        0x080020e0   Section        0  system_stm32f10x.o(i.SetSysClockTo72)
    SetSysClockTo72                          0x080020e1   Thumb Code   214  system_stm32f10x.o(i.SetSysClockTo72)
    i.SetTimer                               0x080021c0   Section        0  systick.o(i.SetTimer)
    i.SysTick_Handler                        0x080021dc   Section        0  systick.o(i.SysTick_Handler)
    i.SysTick_Init                           0x0800222c   Section        0  systick.o(i.SysTick_Init)
    i.SystemInit                             0x080022cc   Section        0  system_stm32f10x.o(i.SystemInit)
    i.USART1_IRQHandler                      0x0800232c   Section        0  modbus_svr.o(i.USART1_IRQHandler)
    i.USART2_Config                          0x08002340   Section        0  sbg_comm.o(i.USART2_Config)
    i.USART2_IRQHandler                      0x080023d0   Section        0  sbg_comm.o(i.USART2_IRQHandler)
    i.USART2_NVIC_Configuration              0x08002508   Section        0  sbg_comm.o(i.USART2_NVIC_Configuration)
    i.USART_ClearITPendingBit                0x08002532   Section        0  stm32f10x_usart.o(i.USART_ClearITPendingBit)
    i.USART_Cmd                              0x08002550   Section        0  stm32f10x_usart.o(i.USART_Cmd)
    i.USART_GetFlagStatus                    0x08002568   Section        0  stm32f10x_usart.o(i.USART_GetFlagStatus)
    i.USART_GetITStatus                      0x08002582   Section        0  stm32f10x_usart.o(i.USART_GetITStatus)
    i.USART_ITConfig                         0x080025d6   Section        0  stm32f10x_usart.o(i.USART_ITConfig)
    i.USART_Init                             0x08002620   Section        0  stm32f10x_usart.o(i.USART_Init)
    i.USART_ReceiveData                      0x080026f8   Section        0  stm32f10x_usart.o(i.USART_ReceiveData)
    i.USART_SendData                         0x08002702   Section        0  stm32f10x_usart.o(i.USART_SendData)
    i.UsageFault_Handler                     0x0800270a   Section        0  stm32f10x_it.o(i.UsageFault_Handler)
    i.Usart_SendByte                         0x0800270e   Section        0  mbsvr_comm.o(i.Usart_SendByte)
    i.Usart_SendBytes                        0x0800272c   Section        0  mbsvr_comm.o(i.Usart_SendBytes)
    i.Usart_SendString                       0x08002758   Section        0  mbsvr_comm.o(i.Usart_SendString)
    i.__0sprintf$6                           0x08002784   Section        0  printf6.o(i.__0sprintf$6)
    i.__scatterload_copy                     0x080027ac   Section       14  handlers.o(i.__scatterload_copy)
    i.__scatterload_null                     0x080027ba   Section        2  handlers.o(i.__scatterload_null)
    i.__scatterload_zeroinit                 0x080027bc   Section       14  handlers.o(i.__scatterload_zeroinit)
    i._printf_core                           0x080027cc   Section        0  printf6.o(i._printf_core)
    _printf_core                             0x080027cd   Thumb Code   748  printf6.o(i._printf_core)
    i._printf_post_padding                   0x08002abc   Section        0  printf6.o(i._printf_post_padding)
    _printf_post_padding                     0x08002abd   Thumb Code    36  printf6.o(i._printf_post_padding)
    i._printf_pre_padding                    0x08002ae0   Section        0  printf6.o(i._printf_pre_padding)
    _printf_pre_padding                      0x08002ae1   Thumb Code    46  printf6.o(i._printf_pre_padding)
    i._sputc                                 0x08002b0e   Section        0  printf6.o(i._sputc)
    _sputc                                   0x08002b0f   Thumb Code    10  printf6.o(i._sputc)
    i.calcCRC                                0x08002b18   Section        0  sbg_comm.o(i.calcCRC)
    i.main                                   0x08002b5c   Section        0  main.o(i.main)
    i.malloc                                 0x08002c04   Section        0  malloc.o(i.malloc)
    .constdata                               0x08002c70   Section      512  mbsvr_comm.o(.constdata)
    wCRCTable                                0x08002c70   Data         512  mbsvr_comm.o(.constdata)
    .data                                    0x20000000   Section       20  system_stm32f10x.o(.data)
    .data                                    0x20000014   Section       20  stm32f10x_rcc.o(.data)
    APBAHBPrescTable                         0x20000014   Data          16  stm32f10x_rcc.o(.data)
    ADCPrescTable                            0x20000024   Data           4  stm32f10x_rcc.o(.data)
    .data                                    0x20000028   Section      264  main.o(.data)
    .data                                    0x20000130   Section       17  sbg_comm.o(.data)
    .data                                    0x20000144   Section        8  systick.o(.data)
    TimingDelay                              0x20000144   Data           4  systick.o(.data)
    .data                                    0x2000014c   Section        4  adc.o(.data)
    .data                                    0x20000150   Section        4  mvars.o(.data)
    .data                                    0x20000154   Section        4  mvars.o(.data)
    .bss                                     0x20000158   Section      592  modbus_svr.o(.bss)
    .bss                                     0x200003a8   Section      300  sbg_comm.o(.bss)
    .bss                                     0x200004d4   Section       50  systick.o(.bss)
    .bss                                     0x20000506   Section     1200  adc.o(.bss)
    HEAP                                     0x200009b8   Section     8192  startup_stm32f10x_hd.o(HEAP)
    STACK                                    0x200029b8   Section     1024  startup_stm32f10x_hd.o(STACK)

    Global Symbols

    Symbol Name                              Value     Ov Type        Size  Object(Section)

    BuildAttributes$$THM_ISAv4$P$D$K$B$S$PE$A:L22UL41UL21$X:L11$S22US41US21$IEEE1$IW$USESV6$~STKCKD$USESV7$~SHL$OTIME$ROPI$EBA8$MICROLIB$REQ8$PRES8$EABIv2 0x00000000   Number         0  anon$$obj.o ABSOLUTE
    __ARM_use_no_argv                        0x00000000   Number         0  main.o ABSOLUTE
    _printf_a                                0x00000000   Number         0  stubs.o ABSOLUTE
    _printf_c                                0x00000000   Number         0  stubs.o ABSOLUTE
    _printf_charcount                        0x00000000   Number         0  stubs.o ABSOLUTE
    _printf_d                                0x00000000   Number         0  stubs.o ABSOLUTE
    _printf_e                                0x00000000   Number         0  stubs.o ABSOLUTE
    _printf_f                                0x00000000   Number         0  stubs.o ABSOLUTE
    _printf_flags                            0x00000000   Number         0  stubs.o ABSOLUTE
    _printf_fp_dec                           0x00000000   Number         0  stubs.o ABSOLUTE
    _printf_fp_hex                           0x00000000   Number         0  stubs.o ABSOLUTE
    _printf_g                                0x00000000   Number         0  stubs.o ABSOLUTE
    _printf_i                                0x00000000   Number         0  stubs.o ABSOLUTE
    _printf_int_dec                          0x00000000   Number         0  stubs.o ABSOLUTE
    _printf_l                                0x00000000   Number         0  stubs.o ABSOLUTE
    _printf_lc                               0x00000000   Number         0  stubs.o ABSOLUTE
    _printf_ll                               0x00000000   Number         0  stubs.o ABSOLUTE
    _printf_lld                              0x00000000   Number         0  stubs.o ABSOLUTE
    _printf_lli                              0x00000000   Number         0  stubs.o ABSOLUTE
    _printf_llo                              0x00000000   Number         0  stubs.o ABSOLUTE
    _printf_llu                              0x00000000   Number         0  stubs.o ABSOLUTE
    _printf_llx                              0x00000000   Number         0  stubs.o ABSOLUTE
    _printf_longlong_dec                     0x00000000   Number         0  stubs.o ABSOLUTE
    _printf_longlong_hex                     0x00000000   Number         0  stubs.o ABSOLUTE
    _printf_longlong_oct                     0x00000000   Number         0  stubs.o ABSOLUTE
    _printf_ls                               0x00000000   Number         0  stubs.o ABSOLUTE
    _printf_mbtowc                           0x00000000   Number         0  stubs.o ABSOLUTE
    _printf_n                                0x00000000   Number         0  stubs.o ABSOLUTE
    _printf_o                                0x00000000   Number         0  stubs.o ABSOLUTE
    _printf_p                                0x00000000   Number         0  stubs.o ABSOLUTE
    _printf_percent                          0x00000000   Number         0  stubs.o ABSOLUTE
    _printf_pre_padding                      0x00000000   Number         0  stubs.o ABSOLUTE
    _printf_return_value                     0x00000000   Number         0  stubs.o ABSOLUTE
    _printf_s                                0x00000000   Number         0  stubs.o ABSOLUTE
    _printf_sizespec                         0x00000000   Number         0  stubs.o ABSOLUTE
    _printf_str                              0x00000000   Number         0  stubs.o ABSOLUTE
    _printf_truncate_signed                  0x00000000   Number         0  stubs.o ABSOLUTE
    _printf_truncate_unsigned                0x00000000   Number         0  stubs.o ABSOLUTE
    _printf_u                                0x00000000   Number         0  stubs.o ABSOLUTE
    _printf_wc                               0x00000000   Number         0  stubs.o ABSOLUTE
    _printf_wctomb                           0x00000000   Number         0  stubs.o ABSOLUTE
    _printf_widthprec                        0x00000000   Number         0  stubs.o ABSOLUTE
    _printf_x                                0x00000000   Number         0  stubs.o ABSOLUTE
    __cpp_initialize__aeabi_                  - Undefined Weak Reference
    __cxa_finalize                            - Undefined Weak Reference
    _clock_init                               - Undefined Weak Reference
    _microlib_exit                            - Undefined Weak Reference
    __Vectors_Size                           0x00000130   Number         0  startup_stm32f10x_hd.o ABSOLUTE
    __Vectors                                0x08000000   Data           4  startup_stm32f10x_hd.o(RESET)
    __Vectors_End                            0x08000130   Data           0  startup_stm32f10x_hd.o(RESET)
    __main                                   0x08000131   Thumb Code     0  entry.o(.ARM.Collect$$$$00000000)
    _main_stk                                0x08000131   Thumb Code     0  entry2.o(.ARM.Collect$$$$00000001)
    _main_scatterload                        0x08000135   Thumb Code     0  entry5.o(.ARM.Collect$$$$00000004)
    __main_after_scatterload                 0x08000139   Thumb Code     0  entry5.o(.ARM.Collect$$$$00000004)
    _main_clock                              0x08000139   Thumb Code     0  entry7b.o(.ARM.Collect$$$$00000008)
    _main_cpp_init                           0x08000139   Thumb Code     0  entry8b.o(.ARM.Collect$$$$0000000A)
    _main_init                               0x08000139   Thumb Code     0  entry9a.o(.ARM.Collect$$$$0000000B)
    __rt_final_cpp                           0x08000141   Thumb Code     0  entry10a.o(.ARM.Collect$$$$0000000D)
    __rt_final_exit                          0x08000141   Thumb Code     0  entry11a.o(.ARM.Collect$$$$0000000F)
    Reset_Handler                            0x08000145   Thumb Code     8  startup_stm32f10x_hd.o(.text)
    ADC1_2_IRQHandler                        0x0800015f   Thumb Code     0  startup_stm32f10x_hd.o(.text)
    ADC3_IRQHandler                          0x0800015f   Thumb Code     0  startup_stm32f10x_hd.o(.text)
    CAN1_RX1_IRQHandler                      0x0800015f   Thumb Code     0  startup_stm32f10x_hd.o(.text)
    CAN1_SCE_IRQHandler                      0x0800015f   Thumb Code     0  startup_stm32f10x_hd.o(.text)
    DMA1_Channel2_IRQHandler                 0x0800015f   Thumb Code     0  startup_stm32f10x_hd.o(.text)
    DMA1_Channel3_IRQHandler                 0x0800015f   Thumb Code     0  startup_stm32f10x_hd.o(.text)
    DMA1_Channel4_IRQHandler                 0x0800015f   Thumb Code     0  startup_stm32f10x_hd.o(.text)
    DMA1_Channel5_IRQHandler                 0x0800015f   Thumb Code     0  startup_stm32f10x_hd.o(.text)
    DMA1_Channel6_IRQHandler                 0x0800015f   Thumb Code     0  startup_stm32f10x_hd.o(.text)
    DMA1_Channel7_IRQHandler                 0x0800015f   Thumb Code     0  startup_stm32f10x_hd.o(.text)
    DMA2_Channel1_IRQHandler                 0x0800015f   Thumb Code     0  startup_stm32f10x_hd.o(.text)
    DMA2_Channel2_IRQHandler                 0x0800015f   Thumb Code     0  startup_stm32f10x_hd.o(.text)
    DMA2_Channel3_IRQHandler                 0x0800015f   Thumb Code     0  startup_stm32f10x_hd.o(.text)
    DMA2_Channel4_5_IRQHandler               0x0800015f   Thumb Code     0  startup_stm32f10x_hd.o(.text)
    EXTI1_IRQHandler                         0x0800015f   Thumb Code     0  startup_stm32f10x_hd.o(.text)
    EXTI2_IRQHandler                         0x0800015f   Thumb Code     0  startup_stm32f10x_hd.o(.text)
    EXTI3_IRQHandler                         0x0800015f   Thumb Code     0  startup_stm32f10x_hd.o(.text)
    EXTI4_IRQHandler                         0x0800015f   Thumb Code     0  startup_stm32f10x_hd.o(.text)
    EXTI9_5_IRQHandler                       0x0800015f   Thumb Code     0  startup_stm32f10x_hd.o(.text)
    FLASH_IRQHandler                         0x0800015f   Thumb Code     0  startup_stm32f10x_hd.o(.text)
    FSMC_IRQHandler                          0x0800015f   Thumb Code     0  startup_stm32f10x_hd.o(.text)
    I2C1_ER_IRQHandler                       0x0800015f   Thumb Code     0  startup_stm32f10x_hd.o(.text)
    I2C1_EV_IRQHandler                       0x0800015f   Thumb Code     0  startup_stm32f10x_hd.o(.text)
    I2C2_ER_IRQHandler                       0x0800015f   Thumb Code     0  startup_stm32f10x_hd.o(.text)
    I2C2_EV_IRQHandler                       0x0800015f   Thumb Code     0  startup_stm32f10x_hd.o(.text)
    PVD_IRQHandler                           0x0800015f   Thumb Code     0  startup_stm32f10x_hd.o(.text)
    RCC_IRQHandler                           0x0800015f   Thumb Code     0  startup_stm32f10x_hd.o(.text)
    RTCAlarm_IRQHandler                      0x0800015f   Thumb Code     0  startup_stm32f10x_hd.o(.text)
    RTC_IRQHandler                           0x0800015f   Thumb Code     0  startup_stm32f10x_hd.o(.text)
    SDIO_IRQHandler                          0x0800015f   Thumb Code     0  startup_stm32f10x_hd.o(.text)
    SPI1_IRQHandler                          0x0800015f   Thumb Code     0  startup_stm32f10x_hd.o(.text)
    SPI2_IRQHandler                          0x0800015f   Thumb Code     0  startup_stm32f10x_hd.o(.text)
    SPI3_IRQHandler                          0x0800015f   Thumb Code     0  startup_stm32f10x_hd.o(.text)
    TAMPER_IRQHandler                        0x0800015f   Thumb Code     0  startup_stm32f10x_hd.o(.text)
    TIM1_BRK_IRQHandler                      0x0800015f   Thumb Code     0  startup_stm32f10x_hd.o(.text)
    TIM1_CC_IRQHandler                       0x0800015f   Thumb Code     0  startup_stm32f10x_hd.o(.text)
    TIM1_TRG_COM_IRQHandler                  0x0800015f   Thumb Code     0  startup_stm32f10x_hd.o(.text)
    TIM1_UP_IRQHandler                       0x0800015f   Thumb Code     0  startup_stm32f10x_hd.o(.text)
    TIM2_IRQHandler                          0x0800015f   Thumb Code     0  startup_stm32f10x_hd.o(.text)
    TIM3_IRQHandler                          0x0800015f   Thumb Code     0  startup_stm32f10x_hd.o(.text)
    TIM4_IRQHandler                          0x0800015f   Thumb Code     0  startup_stm32f10x_hd.o(.text)
    TIM5_IRQHandler                          0x0800015f   Thumb Code     0  startup_stm32f10x_hd.o(.text)
    TIM6_IRQHandler                          0x0800015f   Thumb Code     0  startup_stm32f10x_hd.o(.text)
    TIM7_IRQHandler                          0x0800015f   Thumb Code     0  startup_stm32f10x_hd.o(.text)
    TIM8_BRK_IRQHandler                      0x0800015f   Thumb Code     0  startup_stm32f10x_hd.o(.text)
    TIM8_CC_IRQHandler                       0x0800015f   Thumb Code     0  startup_stm32f10x_hd.o(.text)
    TIM8_TRG_COM_IRQHandler                  0x0800015f   Thumb Code     0  startup_stm32f10x_hd.o(.text)
    TIM8_UP_IRQHandler                       0x0800015f   Thumb Code     0  startup_stm32f10x_hd.o(.text)
    UART4_IRQHandler                         0x0800015f   Thumb Code     0  startup_stm32f10x_hd.o(.text)
    UART5_IRQHandler                         0x0800015f   Thumb Code     0  startup_stm32f10x_hd.o(.text)
    USART3_IRQHandler                        0x0800015f   Thumb Code     0  startup_stm32f10x_hd.o(.text)
    USBWakeUp_IRQHandler                     0x0800015f   Thumb Code     0  startup_stm32f10x_hd.o(.text)
    USB_HP_CAN1_TX_IRQHandler                0x0800015f   Thumb Code     0  startup_stm32f10x_hd.o(.text)
    USB_LP_CAN1_RX0_IRQHandler               0x0800015f   Thumb Code     0  startup_stm32f10x_hd.o(.text)
    WWDG_IRQHandler                          0x0800015f   Thumb Code     0  startup_stm32f10x_hd.o(.text)
    __aeabi_memcpy                           0x08000169   Thumb Code    36  memcpya.o(.text)
    __aeabi_memcpy4                          0x08000169   Thumb Code     0  memcpya.o(.text)
    __aeabi_memcpy8                          0x08000169   Thumb Code     0  memcpya.o(.text)
    __aeabi_dmul                             0x0800018d   Thumb Code   228  dmul.o(.text)
    __aeabi_ddiv                             0x08000271   Thumb Code   222  ddiv.o(.text)
    __aeabi_f2iz                             0x0800034f   Thumb Code    50  ffixi.o(.text)
    __aeabi_f2uiz                            0x08000381   Thumb Code    40  ffixui.o(.text)
    __aeabi_f2d                              0x080003a9   Thumb Code    38  f2d.o(.text)
    __aeabi_d2f                              0x080003cf   Thumb Code    56  d2f.o(.text)
    __aeabi_uidiv                            0x08000407   Thumb Code     0  uidiv.o(.text)
    __aeabi_uidivmod                         0x08000407   Thumb Code    44  uidiv.o(.text)
    __I$use$fp                               0x08000433   Thumb Code     0  iusefp.o(.text)
    _float_round                             0x08000433   Thumb Code    18  fepilogue.o(.text)
    _float_epilogue                          0x08000445   Thumb Code    92  fepilogue.o(.text)
    _double_round                            0x080004a1   Thumb Code    30  depilogue.o(.text)
    _double_epilogue                         0x080004bf   Thumb Code   156  depilogue.o(.text)
    __scatterload                            0x0800055d   Thumb Code    28  init.o(.text)
    __scatterload_rt2                        0x0800055d   Thumb Code     0  init.o(.text)
    __aeabi_llsl                             0x08000581   Thumb Code    30  llshl.o(.text)
    _ll_shift_l                              0x08000581   Thumb Code     0  llshl.o(.text)
    __aeabi_llsr                             0x0800059f   Thumb Code    32  llushr.o(.text)
    _ll_ushift_r                             0x0800059f   Thumb Code     0  llushr.o(.text)
    __decompress                             0x080005bf   Thumb Code     0  __dczerorl2.o(.text)
    __decompress1                            0x080005bf   Thumb Code    86  __dczerorl2.o(.text)
    ADC1_Init                                0x08000681   Thumb Code    16  adc.o(i.ADC1_Init)
    ADC_Cmd                                  0x0800079d   Thumb Code    22  stm32f10x_adc.o(i.ADC_Cmd)
    ADC_DMACmd                               0x080007b3   Thumb Code    22  stm32f10x_adc.o(i.ADC_DMACmd)
    ADC_GetCalibrationStatus                 0x080007c9   Thumb Code    20  stm32f10x_adc.o(i.ADC_GetCalibrationStatus)
    ADC_GetResetCalibrationStatus            0x080007dd   Thumb Code    20  stm32f10x_adc.o(i.ADC_GetResetCalibrationStatus)
    ADC_Init                                 0x080007f1   Thumb Code    70  stm32f10x_adc.o(i.ADC_Init)
    ADC_RegularChannelConfig                 0x08000841   Thumb Code   184  stm32f10x_adc.o(i.ADC_RegularChannelConfig)
    ADC_ResetCalibration                     0x080008f9   Thumb Code    10  stm32f10x_adc.o(i.ADC_ResetCalibration)
    ADC_SoftwareStartConvCmd                 0x08000903   Thumb Code    22  stm32f10x_adc.o(i.ADC_SoftwareStartConvCmd)
    ADC_StartCalibration                     0x08000919   Thumb Code    10  stm32f10x_adc.o(i.ADC_StartCalibration)
    BusFault_Handler                         0x08000923   Thumb Code     4  stm32f10x_it.o(i.BusFault_Handler)
    CRC16                                    0x08000929   Thumb Code    42  mbsvr_comm.o(i.CRC16)
    DMA1_Channel1_IRQHandler                 0x08000959   Thumb Code    44  adc.o(i.DMA1_Channel1_IRQHandler)
    DMA_ClearITPendingBit                    0x08000991   Thumb Code    18  stm32f10x_dma.o(i.DMA_ClearITPendingBit)
    DMA_Cmd                                  0x080009ad   Thumb Code    24  stm32f10x_dma.o(i.DMA_Cmd)
    DMA_DeInit                               0x080009c5   Thumb Code   324  stm32f10x_dma.o(i.DMA_DeInit)
    DMA_GetITStatus                          0x08000b11   Thumb Code    36  stm32f10x_dma.o(i.DMA_GetITStatus)
    DMA_ITConfig                             0x08000b3d   Thumb Code    18  stm32f10x_dma.o(i.DMA_ITConfig)
    DMA_Init                                 0x08000b4f   Thumb Code    60  stm32f10x_dma.o(i.DMA_Init)
    DebugMon_Handler                         0x08000bb1   Thumb Code     2  stm32f10x_it.o(i.DebugMon_Handler)
    EXTI0_IRQHandler                         0x08000bb3   Thumb Code    18  bsp_exti.o(i.EXTI0_IRQHandler)
    EXTI15_10_IRQHandler                     0x08000bc5   Thumb Code    22  bsp_exti.o(i.EXTI15_10_IRQHandler)
    EXTI_ClearITPendingBit                   0x08000bdd   Thumb Code     6  stm32f10x_exti.o(i.EXTI_ClearITPendingBit)
    EXTI_GetITStatus                         0x08000be9   Thumb Code    34  stm32f10x_exti.o(i.EXTI_GetITStatus)
    FLASH_ClearFlag                          0x08000c11   Thumb Code     6  stm32f10x_flash.o(i.FLASH_ClearFlag)
    FLASH_ErasePage                          0x08000c1d   Thumb Code    72  stm32f10x_flash.o(i.FLASH_ErasePage)
    FLASH_GetBank1Status                     0x08000c69   Thumb Code    48  stm32f10x_flash.o(i.FLASH_GetBank1Status)
    FLASH_Lock                               0x08000c9d   Thumb Code    14  stm32f10x_flash.o(i.FLASH_Lock)
    FLASH_ProgramWord                        0x08000cb1   Thumb Code   102  stm32f10x_flash.o(i.FLASH_ProgramWord)
    FLASH_Unlock                             0x08000d1d   Thumb Code    12  stm32f10x_flash.o(i.FLASH_Unlock)
    FLASH_WaitForLastOperation               0x08000d35   Thumb Code    38  stm32f10x_flash.o(i.FLASH_WaitForLastOperation)
    GPIO_Init                                0x08000d5b   Thumb Code   278  stm32f10x_gpio.o(i.GPIO_Init)
    GPIO_PinRemapConfig                      0x08000e71   Thumb Code   138  stm32f10x_gpio.o(i.GPIO_PinRemapConfig)
    GPIO_ReadInputDataBit                    0x08000f01   Thumb Code    18  stm32f10x_gpio.o(i.GPIO_ReadInputDataBit)
    GPIO_ResetBits                           0x08000f13   Thumb Code     4  stm32f10x_gpio.o(i.GPIO_ResetBits)
    GPIO_SetBits                             0x08000f17   Thumb Code     4  stm32f10x_gpio.o(i.GPIO_SetBits)
    GetCurTick                               0x08000f1d   Thumb Code     6  systick.o(i.GetCurTick)
    GetTimer                                 0x08000f29   Thumb Code    36  systick.o(i.GetTimer)
    HardFault_Handler                        0x080010d5   Thumb Code     4  stm32f10x_it.o(i.HardFault_Handler)
    IWDG_Configuration                       0x080010d9   Thumb Code    34  bsp_led.o(i.IWDG_Configuration)
    IWDG_Enable                              0x080010fd   Thumb Code    10  stm32f10x_iwdg.o(i.IWDG_Enable)
    IWDG_Feed                                0x0800110d   Thumb Code    10  bsp_led.o(i.IWDG_Feed)
    IWDG_ReloadCounter                       0x0800111d   Thumb Code    10  stm32f10x_iwdg.o(i.IWDG_ReloadCounter)
    IWDG_SetPrescaler                        0x0800112d   Thumb Code     6  stm32f10x_iwdg.o(i.IWDG_SetPrescaler)
    IWDG_SetReload                           0x08001139   Thumb Code     6  stm32f10x_iwdg.o(i.IWDG_SetReload)
    IWDG_WriteAccessCmd                      0x08001145   Thumb Code     6  stm32f10x_iwdg.o(i.IWDG_WriteAccessCmd)
    InputDigital                             0x08001151   Thumb Code    40  bsp_led.o(i.InputDigital)
    InternalFlashRead                        0x08001181   Thumb Code    32  bsp_innerflash.o(i.InternalFlashRead)
    InternalFlashWrite                       0x080011a5   Thumb Code    74  bsp_innerflash.o(i.InternalFlashWrite)
    LED_GPIO_Config                          0x080011f5   Thumb Code   130  bsp_led.o(i.LED_GPIO_Config)
    MemManage_Handler                        0x08001315   Thumb Code     4  stm32f10x_it.o(i.MemManage_Handler)
    ModbusSvr_NVIC_Configuration             0x08001319   Thumb Code    40  mbsvr_comm.o(i.ModbusSvr_NVIC_Configuration)
    ModbusSvr_block_init                     0x08001341   Thumb Code   554  mbsvr_comm.o(i.ModbusSvr_block_init)
    ModbusSvr_isr                            0x080015ab   Thumb Code   100  mbsvr_comm.o(i.ModbusSvr_isr)
    ModbusSvr_procotol_chain                 0x08001649   Thumb Code   880  mbsvr_comm.o(i.ModbusSvr_procotol_chain)
    ModbusSvr_save_para                      0x080019b9   Thumb Code    36  mbsvr_comm.o(i.ModbusSvr_save_para)
    ModbusSvr_task                           0x080019dd   Thumb Code   140  mbsvr_comm.o(i.ModbusSvr_task)
    ModbusTimer                              0x08001a69   Thumb Code    16  modbus_svr.o(i.ModbusTimer)
    Modbus_SavePara                          0x08001a7d   Thumb Code    10  modbus_svr.o(i.Modbus_SavePara)
    Modbus_init                              0x08001a8d   Thumb Code   112  modbus_svr.o(i.Modbus_init)
    Modbus_task                              0x08001b85   Thumb Code    12  modbus_svr.o(i.Modbus_task)
    NMI_Handler                              0x08001b99   Thumb Code     2  stm32f10x_it.o(i.NMI_Handler)
    NVIC_Init                                0x08001b9d   Thumb Code   100  misc.o(i.NVIC_Init)
    NVIC_PriorityGroupConfig                 0x08001c0d   Thumb Code    10  misc.o(i.NVIC_PriorityGroupConfig)
    OutputDigital                            0x08001c21   Thumb Code    54  bsp_led.o(i.OutputDigital)
    PendSV_Handler                           0x08001c61   Thumb Code     2  stm32f10x_it.o(i.PendSV_Handler)
    RCC_ADCCLKConfig                         0x08001c65   Thumb Code    18  stm32f10x_rcc.o(i.RCC_ADCCLKConfig)
    RCC_AHBPeriphClockCmd                    0x08001c7d   Thumb Code    26  stm32f10x_rcc.o(i.RCC_AHBPeriphClockCmd)
    RCC_APB1PeriphClockCmd                   0x08001c9d   Thumb Code    26  stm32f10x_rcc.o(i.RCC_APB1PeriphClockCmd)
    RCC_APB2PeriphClockCmd                   0x08001cbd   Thumb Code    26  stm32f10x_rcc.o(i.RCC_APB2PeriphClockCmd)
    RCC_GetClocksFreq                        0x08001cdd   Thumb Code   192  stm32f10x_rcc.o(i.RCC_GetClocksFreq)
    SBG_Init                                 0x08002075   Thumb Code    34  sbg_comm.o(i.SBG_Init)
    SBG_Task                                 0x080020a9   Thumb Code    36  sbg_comm.o(i.SBG_Task)
    SVC_Handler                              0x080020d5   Thumb Code     2  stm32f10x_it.o(i.SVC_Handler)
    SetTimer                                 0x080021c1   Thumb Code    20  systick.o(i.SetTimer)
    SysTick_Handler                          0x080021dd   Thumb Code    68  systick.o(i.SysTick_Handler)
    SysTick_Init                             0x0800222d   Thumb Code   136  systick.o(i.SysTick_Init)
    SystemInit                               0x080022cd   Thumb Code    78  system_stm32f10x.o(i.SystemInit)
    USART1_IRQHandler                        0x0800232d   Thumb Code    12  modbus_svr.o(i.USART1_IRQHandler)
    USART2_Config                            0x08002341   Thumb Code   134  sbg_comm.o(i.USART2_Config)
    USART2_IRQHandler                        0x080023d1   Thumb Code   280  sbg_comm.o(i.USART2_IRQHandler)
    USART2_NVIC_Configuration                0x08002509   Thumb Code    42  sbg_comm.o(i.USART2_NVIC_Configuration)
    USART_ClearITPendingBit                  0x08002533   Thumb Code    30  stm32f10x_usart.o(i.USART_ClearITPendingBit)
    USART_Cmd                                0x08002551   Thumb Code    24  stm32f10x_usart.o(i.USART_Cmd)
    USART_GetFlagStatus                      0x08002569   Thumb Code    26  stm32f10x_usart.o(i.USART_GetFlagStatus)
    USART_GetITStatus                        0x08002583   Thumb Code    84  stm32f10x_usart.o(i.USART_GetITStatus)
    USART_ITConfig                           0x080025d7   Thumb Code    74  stm32f10x_usart.o(i.USART_ITConfig)
    USART_Init                               0x08002621   Thumb Code   210  stm32f10x_usart.o(i.USART_Init)
    USART_ReceiveData                        0x080026f9   Thumb Code    10  stm32f10x_usart.o(i.USART_ReceiveData)
    USART_SendData                           0x08002703   Thumb Code     8  stm32f10x_usart.o(i.USART_SendData)
    UsageFault_Handler                       0x0800270b   Thumb Code     4  stm32f10x_it.o(i.UsageFault_Handler)
    Usart_SendByte                           0x0800270f   Thumb Code    30  mbsvr_comm.o(i.Usart_SendByte)
    Usart_SendBytes                          0x0800272d   Thumb Code    44  mbsvr_comm.o(i.Usart_SendBytes)
    Usart_SendString                         0x08002759   Thumb Code    42  mbsvr_comm.o(i.Usart_SendString)
    __0sprintf$6                             0x08002785   Thumb Code    34  printf6.o(i.__0sprintf$6)
    __1sprintf$6                             0x08002785   Thumb Code     0  printf6.o(i.__0sprintf$6)
    __2sprintf                               0x08002785   Thumb Code     0  printf6.o(i.__0sprintf$6)
    __scatterload_copy                       0x080027ad   Thumb Code    14  handlers.o(i.__scatterload_copy)
    __scatterload_null                       0x080027bb   Thumb Code     2  handlers.o(i.__scatterload_null)
    __scatterload_zeroinit                   0x080027bd   Thumb Code    14  handlers.o(i.__scatterload_zeroinit)
    calcCRC                                  0x08002b19   Thumb Code    66  sbg_comm.o(i.calcCRC)
    main                                     0x08002b5d   Thumb Code   158  main.o(i.main)
    malloc                                   0x08002c05   Thumb Code    92  malloc.o(i.malloc)
    Region$$Table$$Base                      0x08002e70   Number         0  anon$$obj.o(Region$$Table)
    Region$$Table$$Limit                     0x08002e90   Number         0  anon$$obj.o(Region$$Table)
    SystemCoreClock                          0x20000000   Data           4  system_stm32f10x.o(.data)
    AHBPrescTable                            0x20000004   Data          16  system_stm32f10x.o(.data)
    Zero                                     0x20000028   Data           6  main.o(.data)
    nStandard                                0x20000030   Data         256  main.o(.data)
    tsk_ptr1                                 0x20000130   Data           4  sbg_comm.o(.data)
    tsk_ptr2                                 0x20000134   Data           4  sbg_comm.o(.data)
    isr_ptr                                  0x20000138   Data           4  sbg_comm.o(.data)
    SBGIdle1                                 0x2000013c   Data           1  sbg_comm.o(.data)
    SBGIdle2                                 0x2000013d   Data           1  sbg_comm.o(.data)
    SBGPos                                   0x2000013e   Data           2  sbg_comm.o(.data)
    sbg_len                                  0x20000140   Data           1  sbg_comm.o(.data)
    nlTicks                                  0x20000148   Data           4  systick.o(.data)
    bEffectHandle                            0x2000014c   Data           4  adc.o(.data)
    __microlib_freelist                      0x20000150   Data           4  mvars.o(.data)
    __microlib_freelist_initialised          0x20000154   Data           4  mvars.o(.data)
    mblock1                                  0x20000158   Data         592  modbus_svr.o(.bss)
    SBGBuffer                                0x200003a8   Data         300  sbg_comm.o(.bss)
    TimePre                                  0x200004d4   Data          20  systick.o(.bss)
    TimeCur                                  0x200004e8   Data          20  systick.o(.bss)
    TimerFlag                                0x200004fc   Data          10  systick.o(.bss)
    ADC_ConvertedValue                       0x20000506   Data         600  adc.o(.bss)
    wGraph                                   0x2000075e   Data         600  adc.o(.bss)
    __heap_base                              0x200009b8   Data           0  startup_stm32f10x_hd.o(HEAP)
    __heap_limit                             0x200029b8   Data           0  startup_stm32f10x_hd.o(HEAP)
    __initial_sp                             0x20002db8   Data           0  startup_stm32f10x_hd.o(STACK)



==============================================================================

Memory Map of the image

  Image Entry point : 0x08000131

  Load Region LR_IROM1 (Base: 0x08000000, Size: 0x00002fe8, Max: 0x00080000, ABSOLUTE, COMPRESSED[0x00002f60])

    Execution Region ER_IROM1 (Base: 0x08000000, Size: 0x00002e90, Max: 0x00080000, ABSOLUTE)

    Base Addr    Size         Type   Attr      Idx    E Section Name        Object

    0x08000000   0x00000130   Data   RO            3    RESET               startup_stm32f10x_hd.o
    0x08000130   0x00000000   Code   RO         3610  * .ARM.Collect$$$$00000000  mc_w.l(entry.o)
    0x08000130   0x00000004   Code   RO         3918    .ARM.Collect$$$$00000001  mc_w.l(entry2.o)
    0x08000134   0x00000004   Code   RO         3921    .ARM.Collect$$$$00000004  mc_w.l(entry5.o)
    0x08000138   0x00000000   Code   RO         3923    .ARM.Collect$$$$00000008  mc_w.l(entry7b.o)
    0x08000138   0x00000000   Code   RO         3925    .ARM.Collect$$$$0000000A  mc_w.l(entry8b.o)
    0x08000138   0x00000008   Code   RO         3926    .ARM.Collect$$$$0000000B  mc_w.l(entry9a.o)
    0x08000140   0x00000000   Code   RO         3928    .ARM.Collect$$$$0000000D  mc_w.l(entry10a.o)
    0x08000140   0x00000000   Code   RO         3930    .ARM.Collect$$$$0000000F  mc_w.l(entry11a.o)
    0x08000140   0x00000004   Code   RO         3919    .ARM.Collect$$$$00002712  mc_w.l(entry2.o)
    0x08000144   0x00000024   Code   RO            4    .text               startup_stm32f10x_hd.o
    0x08000168   0x00000024   Code   RO         3613    .text               mc_w.l(memcpya.o)
    0x0800018c   0x000000e4   Code   RO         3906    .text               mf_w.l(dmul.o)
    0x08000270   0x000000de   Code   RO         3908    .text               mf_w.l(ddiv.o)
    0x0800034e   0x00000032   Code   RO         3910    .text               mf_w.l(ffixi.o)
    0x08000380   0x00000028   Code   RO         3912    .text               mf_w.l(ffixui.o)
    0x080003a8   0x00000026   Code   RO         3914    .text               mf_w.l(f2d.o)
    0x080003ce   0x00000038   Code   RO         3916    .text               mf_w.l(d2f.o)
    0x08000406   0x0000002c   Code   RO         3935    .text               mc_w.l(uidiv.o)
    0x08000432   0x00000000   Code   RO         3941    .text               mc_w.l(iusefp.o)
    0x08000432   0x0000006e   Code   RO         3942    .text               mf_w.l(fepilogue.o)
    0x080004a0   0x000000ba   Code   RO         3944    .text               mf_w.l(depilogue.o)
    0x0800055a   0x00000002   PAD
    0x0800055c   0x00000024   Code   RO         3952    .text               mc_w.l(init.o)
    0x08000580   0x0000001e   Code   RO         3955    .text               mc_w.l(llshl.o)
    0x0800059e   0x00000020   Code   RO         3957    .text               mc_w.l(llushr.o)
    0x080005be   0x00000056   Code   RO         3970    .text               mc_w.l(__dczerorl2.o)
    0x08000614   0x0000006c   Code   RO         3569    i.ADC1_GPIO_Config  adc.o
    0x08000680   0x00000010   Code   RO         3570    i.ADC1_Init         adc.o
    0x08000690   0x0000010c   Code   RO         3571    i.ADC1_Mode_Config  adc.o
    0x0800079c   0x00000016   Code   RO          183    i.ADC_Cmd           stm32f10x_adc.o
    0x080007b2   0x00000016   Code   RO          184    i.ADC_DMACmd        stm32f10x_adc.o
    0x080007c8   0x00000014   Code   RO          191    i.ADC_GetCalibrationStatus  stm32f10x_adc.o
    0x080007dc   0x00000014   Code   RO          197    i.ADC_GetResetCalibrationStatus  stm32f10x_adc.o
    0x080007f0   0x00000050   Code   RO          201    i.ADC_Init          stm32f10x_adc.o
    0x08000840   0x000000b8   Code   RO          205    i.ADC_RegularChannelConfig  stm32f10x_adc.o
    0x080008f8   0x0000000a   Code   RO          206    i.ADC_ResetCalibration  stm32f10x_adc.o
    0x08000902   0x00000016   Code   RO          208    i.ADC_SoftwareStartConvCmd  stm32f10x_adc.o
    0x08000918   0x0000000a   Code   RO          210    i.ADC_StartCalibration  stm32f10x_adc.o
    0x08000922   0x00000004   Code   RO         3155    i.BusFault_Handler  stm32f10x_it.o
    0x08000926   0x00000002   PAD
    0x08000928   0x00000030   Code   RO         3326    i.CRC16             mbsvr_comm.o
    0x08000958   0x00000038   Code   RO         3572    i.DMA1_Channel1_IRQHandler  adc.o
    0x08000990   0x0000001c   Code   RO          867    i.DMA_ClearITPendingBit  stm32f10x_dma.o
    0x080009ac   0x00000018   Code   RO          868    i.DMA_Cmd           stm32f10x_dma.o
    0x080009c4   0x0000014c   Code   RO          869    i.DMA_DeInit        stm32f10x_dma.o
    0x08000b10   0x0000002c   Code   RO          872    i.DMA_GetITStatus   stm32f10x_dma.o
    0x08000b3c   0x00000012   Code   RO          873    i.DMA_ITConfig      stm32f10x_dma.o
    0x08000b4e   0x0000003c   Code   RO          874    i.DMA_Init          stm32f10x_dma.o
    0x08000b8a   0x00000026   Code   RO         3573    i.DMA_NVIC_Configuration  adc.o
    0x08000bb0   0x00000002   Code   RO         3156    i.DebugMon_Handler  stm32f10x_it.o
    0x08000bb2   0x00000012   Code   RO         3462    i.EXTI0_IRQHandler  bsp_exti.o
    0x08000bc4   0x00000016   Code   RO         3463    i.EXTI15_10_IRQHandler  bsp_exti.o
    0x08000bda   0x00000002   PAD
    0x08000bdc   0x0000000c   Code   RO          939    i.EXTI_ClearITPendingBit  stm32f10x_exti.o
    0x08000be8   0x00000028   Code   RO          943    i.EXTI_GetITStatus  stm32f10x_exti.o
    0x08000c10   0x0000000c   Code   RO          992    i.FLASH_ClearFlag   stm32f10x_flash.o
    0x08000c1c   0x0000004c   Code   RO          997    i.FLASH_ErasePage   stm32f10x_flash.o
    0x08000c68   0x00000034   Code   RO          998    i.FLASH_GetBank1Status  stm32f10x_flash.o
    0x08000c9c   0x00000014   Code   RO         1007    i.FLASH_Lock        stm32f10x_flash.o
    0x08000cb0   0x0000006c   Code   RO         1012    i.FLASH_ProgramWord  stm32f10x_flash.o
    0x08000d1c   0x00000018   Code   RO         1015    i.FLASH_Unlock      stm32f10x_flash.o
    0x08000d34   0x00000026   Code   RO         1019    i.FLASH_WaitForLastOperation  stm32f10x_flash.o
    0x08000d5a   0x00000116   Code   RO         1292    i.GPIO_Init         stm32f10x_gpio.o
    0x08000e70   0x00000090   Code   RO         1294    i.GPIO_PinRemapConfig  stm32f10x_gpio.o
    0x08000f00   0x00000012   Code   RO         1296    i.GPIO_ReadInputDataBit  stm32f10x_gpio.o
    0x08000f12   0x00000004   Code   RO         1299    i.GPIO_ResetBits    stm32f10x_gpio.o
    0x08000f16   0x00000004   Code   RO         1300    i.GPIO_SetBits      stm32f10x_gpio.o
    0x08000f1a   0x00000002   PAD
    0x08000f1c   0x0000000c   Code   RO         3495    i.GetCurTick        systick.o
    0x08000f28   0x0000002c   Code   RO         3496    i.GetTimer          systick.o
    0x08000f54   0x00000180   Code   RO         3108    i.Handle_Effect     main.o
    0x080010d4   0x00000004   Code   RO         3157    i.HardFault_Handler  stm32f10x_it.o
    0x080010d8   0x00000022   Code   RO         3416    i.IWDG_Configuration  bsp_led.o
    0x080010fa   0x00000002   PAD
    0x080010fc   0x00000010   Code   RO         1604    i.IWDG_Enable       stm32f10x_iwdg.o
    0x0800110c   0x00000010   Code   RO         3417    i.IWDG_Feed         bsp_led.o
    0x0800111c   0x00000010   Code   RO         1606    i.IWDG_ReloadCounter  stm32f10x_iwdg.o
    0x0800112c   0x0000000c   Code   RO         1607    i.IWDG_SetPrescaler  stm32f10x_iwdg.o
    0x08001138   0x0000000c   Code   RO         1608    i.IWDG_SetReload    stm32f10x_iwdg.o
    0x08001144   0x0000000c   Code   RO         1609    i.IWDG_WriteAccessCmd  stm32f10x_iwdg.o
    0x08001150   0x00000030   Code   RO         3418    i.InputDigital      bsp_led.o
    0x08001180   0x00000024   Code   RO         3548    i.InternalFlashRead  bsp_innerflash.o
    0x080011a4   0x00000050   Code   RO         3549    i.InternalFlashWrite  bsp_innerflash.o
    0x080011f4   0x00000090   Code   RO         3419    i.LED_GPIO_Config   bsp_led.o
    0x08001284   0x00000090   Code   RO         3212    i.MODBUS_Config     modbus_svr.o
    0x08001314   0x00000004   Code   RO         3158    i.MemManage_Handler  stm32f10x_it.o
    0x08001318   0x00000028   Code   RO         3327    i.ModbusSvr_NVIC_Configuration  mbsvr_comm.o
    0x08001340   0x0000022a   Code   RO         3328    i.ModbusSvr_block_init  mbsvr_comm.o
    0x0800156a   0x00000040   Code   RO         3329    i.ModbusSvr_error_respose  mbsvr_comm.o
    0x080015aa   0x00000064   Code   RO         3330    i.ModbusSvr_isr     mbsvr_comm.o
    0x0800160e   0x0000003a   Code   RO         3331    i.ModbusSvr_normal_respose  mbsvr_comm.o
    0x08001648   0x00000370   Code   RO         3332    i.ModbusSvr_procotol_chain  mbsvr_comm.o
    0x080019b8   0x00000024   Code   RO         3333    i.ModbusSvr_save_para  mbsvr_comm.o
    0x080019dc   0x0000008c   Code   RO         3334    i.ModbusSvr_task    mbsvr_comm.o
    0x08001a68   0x00000014   Code   RO         3213    i.ModbusTimer       modbus_svr.o
    0x08001a7c   0x00000010   Code   RO         3214    i.Modbus_SavePara   modbus_svr.o
    0x08001a8c   0x000000f8   Code   RO         3215    i.Modbus_init       modbus_svr.o
    0x08001b84   0x00000014   Code   RO         3216    i.Modbus_task       modbus_svr.o
    0x08001b98   0x00000002   Code   RO         3159    i.NMI_Handler       stm32f10x_it.o
    0x08001b9a   0x00000002   PAD
    0x08001b9c   0x00000070   Code   RO          137    i.NVIC_Init         misc.o
    0x08001c0c   0x00000014   Code   RO          138    i.NVIC_PriorityGroupConfig  misc.o
    0x08001c20   0x00000040   Code   RO         3420    i.OutputDigital     bsp_led.o
    0x08001c60   0x00000002   Code   RO         3160    i.PendSV_Handler    stm32f10x_it.o
    0x08001c62   0x00000002   PAD
    0x08001c64   0x00000018   Code   RO         1706    i.RCC_ADCCLKConfig  stm32f10x_rcc.o
    0x08001c7c   0x00000020   Code   RO         1707    i.RCC_AHBPeriphClockCmd  stm32f10x_rcc.o
    0x08001c9c   0x00000020   Code   RO         1708    i.RCC_APB1PeriphClockCmd  stm32f10x_rcc.o
    0x08001cbc   0x00000020   Code   RO         1710    i.RCC_APB2PeriphClockCmd  stm32f10x_rcc.o
    0x08001cdc   0x000000d4   Code   RO         1718    i.RCC_GetClocksFreq  stm32f10x_rcc.o
    0x08001db0   0x00000114   Code   RO         3263    i.SBGDataProcess1   sbg_comm.o
    0x08001ec4   0x000001b0   Code   RO         3264    i.SBGDataProcess2   sbg_comm.o
    0x08002074   0x00000034   Code   RO         3265    i.SBG_Init          sbg_comm.o
    0x080020a8   0x0000002c   Code   RO         3266    i.SBG_Task          sbg_comm.o
    0x080020d4   0x00000002   Code   RO         3161    i.SVC_Handler       stm32f10x_it.o
    0x080020d6   0x00000008   Code   RO           24    i.SetSysClock       system_stm32f10x.o
    0x080020de   0x00000002   PAD
    0x080020e0   0x000000e0   Code   RO           25    i.SetSysClockTo72   system_stm32f10x.o
    0x080021c0   0x0000001c   Code   RO         3497    i.SetTimer          systick.o
    0x080021dc   0x00000050   Code   RO         3498    i.SysTick_Handler   systick.o
    0x0800222c   0x000000a0   Code   RO         3499    i.SysTick_Init      systick.o
    0x080022cc   0x00000060   Code   RO           27    i.SystemInit        system_stm32f10x.o
    0x0800232c   0x00000014   Code   RO         3217    i.USART1_IRQHandler  modbus_svr.o
    0x08002340   0x00000090   Code   RO         3267    i.USART2_Config     sbg_comm.o
    0x080023d0   0x00000138   Code   RO         3268    i.USART2_IRQHandler  sbg_comm.o
    0x08002508   0x0000002a   Code   RO         3269    i.USART2_NVIC_Configuration  sbg_comm.o
    0x08002532   0x0000001e   Code   RO         2875    i.USART_ClearITPendingBit  stm32f10x_usart.o
    0x08002550   0x00000018   Code   RO         2878    i.USART_Cmd         stm32f10x_usart.o
    0x08002568   0x0000001a   Code   RO         2881    i.USART_GetFlagStatus  stm32f10x_usart.o
    0x08002582   0x00000054   Code   RO         2882    i.USART_GetITStatus  stm32f10x_usart.o
    0x080025d6   0x0000004a   Code   RO         2884    i.USART_ITConfig    stm32f10x_usart.o
    0x08002620   0x000000d8   Code   RO         2885    i.USART_Init        stm32f10x_usart.o
    0x080026f8   0x0000000a   Code   RO         2892    i.USART_ReceiveData  stm32f10x_usart.o
    0x08002702   0x00000008   Code   RO         2895    i.USART_SendData    stm32f10x_usart.o
    0x0800270a   0x00000004   Code   RO         3162    i.UsageFault_Handler  stm32f10x_it.o
    0x0800270e   0x0000001e   Code   RO         3335    i.Usart_SendByte    mbsvr_comm.o
    0x0800272c   0x0000002c   Code   RO         3336    i.Usart_SendBytes   mbsvr_comm.o
    0x08002758   0x0000002a   Code   RO         3338    i.Usart_SendString  mbsvr_comm.o
    0x08002782   0x00000002   PAD
    0x08002784   0x00000028   Code   RO         3774    i.__0sprintf$6      mc_w.l(printf6.o)
    0x080027ac   0x0000000e   Code   RO         3964    i.__scatterload_copy  mc_w.l(handlers.o)
    0x080027ba   0x00000002   Code   RO         3965    i.__scatterload_null  mc_w.l(handlers.o)
    0x080027bc   0x0000000e   Code   RO         3966    i.__scatterload_zeroinit  mc_w.l(handlers.o)
    0x080027ca   0x00000002   PAD
    0x080027cc   0x000002f0   Code   RO         3779    i._printf_core      mc_w.l(printf6.o)
    0x08002abc   0x00000024   Code   RO         3780    i._printf_post_padding  mc_w.l(printf6.o)
    0x08002ae0   0x0000002e   Code   RO         3781    i._printf_pre_padding  mc_w.l(printf6.o)
    0x08002b0e   0x0000000a   Code   RO         3783    i._sputc            mc_w.l(printf6.o)
    0x08002b18   0x00000042   Code   RO         3270    i.calcCRC           sbg_comm.o
    0x08002b5a   0x00000002   PAD
    0x08002b5c   0x000000a8   Code   RO         3109    i.main              main.o
    0x08002c04   0x0000006c   Code   RO         3879    i.malloc            mc_w.l(malloc.o)
    0x08002c70   0x00000200   Data   RO         3339    .constdata          mbsvr_comm.o
    0x08002e70   0x00000020   Data   RO         3962    Region$$Table       anon$$obj.o


    Execution Region RW_IRAM1 (Base: 0x20000000, Size: 0x00002db8, Max: 0x00010000, ABSOLUTE, COMPRESSED[0x000000d0])

    Base Addr    Size         Type   Attr      Idx    E Section Name        Object

    0x20000000   0x00000014   Data   RW           28    .data               system_stm32f10x.o
    0x20000014   0x00000014   Data   RW         1738    .data               stm32f10x_rcc.o
    0x20000028   0x00000108   Data   RW         3111    .data               main.o
    0x20000130   0x00000011   Data   RW         3272    .data               sbg_comm.o
    0x20000141   0x00000003   PAD
    0x20000144   0x00000008   Data   RW         3501    .data               systick.o
    0x2000014c   0x00000004   Data   RW         3575    .data               adc.o
    0x20000150   0x00000004   Data   RW         3939    .data               mc_w.l(mvars.o)
    0x20000154   0x00000004   Data   RW         3940    .data               mc_w.l(mvars.o)
    0x20000158   0x00000250   Zero   RW         3218    .bss                modbus_svr.o
    0x200003a8   0x0000012c   Zero   RW         3271    .bss                sbg_comm.o
    0x200004d4   0x00000032   Zero   RW         3500    .bss                systick.o
    0x20000506   0x000004b0   Zero   RW         3574    .bss                adc.o
    0x200009b6   0x00000002   PAD
    0x200009b8   0x00002000   Zero   RW            2    HEAP                startup_stm32f10x_hd.o
    0x200029b8   0x00000400   Zero   RW            1    STACK               startup_stm32f10x_hd.o


==============================================================================

Image component sizes


      Code (inc. data)   RO Data    RW Data    ZI Data      Debug   Object Name

       486         28          0          4       1200       2964   adc.o
        40          0          0          0          0        838   bsp_exti.o
       116         10          0          0          0       1209   bsp_innerflash.o
       306         38          0          0          0       2270   bsp_led.o
         0          0          0          0          0       4512   core_cm3.o
       552         26          0        264          0       3215   main.o
      2036          6        512          0          0       8602   mbsvr_comm.o
       132         22          0          0          0       1551   misc.o
       468        170          0          0        592       2862   modbus_svr.o
      1368        124          0         17        300       5151   sbg_comm.o
        36          8        304          0       9216        828   startup_stm32f10x_hd.o
       390         10          0          0          0       7369   stm32f10x_adc.o
       506         26          0          0          0       5147   stm32f10x_dma.o
        52         12          0          0          0       1120   stm32f10x_exti.o
       330         38          0          0          0       5352   stm32f10x_flash.o
       448          6          0          0          0       4482   stm32f10x_gpio.o
        24          0          0          0          0       3100   stm32f10x_it.o
        68         30          0          0          0       2474   stm32f10x_iwdg.o
       332         44          0         20          0       5537   stm32f10x_rcc.o
       472          6          0          0          0       6775   stm32f10x_usart.o
       328         28          0         20          0     255317   system_stm32f10x.o
       324         58          0          8         50      18186   systick.o

    ----------------------------------------------------------------------
      8832        690        848        336      11360     348861   Object Totals
         0          0         32          0          0          0   (incl. Generated)
        18          0          0          3          2          0   (incl. Padding)

    ----------------------------------------------------------------------

      Code (inc. data)   RO Data    RW Data    ZI Data      Debug   Library Member Name

        86          0          0          0          0          0   __dczerorl2.o
         0          0          0          0          0          0   entry.o
         0          0          0          0          0          0   entry10a.o
         0          0          0          0          0          0   entry11a.o
         8          4          0          0          0          0   entry2.o
         4          0          0          0          0          0   entry5.o
         0          0          0          0          0          0   entry7b.o
         0          0          0          0          0          0   entry8b.o
         8          4          0          0          0          0   entry9a.o
        30          0          0          0          0          0   handlers.o
        36          8          0          0          0         68   init.o
         0          0          0          0          0          0   iusefp.o
        30          0          0          0          0         68   llshl.o
        32          0          0          0          0         68   llushr.o
       108         16          0          0          0         84   malloc.o
        36          0          0          0          0         68   memcpya.o
         0          0          0          8          0          0   mvars.o
       884         10          0          0          0        420   printf6.o
        44          0          0          0          0         80   uidiv.o
        56          0          0          0          0         88   d2f.o
       222          0          0          0          0        100   ddiv.o
       186          0          0          0          0        176   depilogue.o
       228          0          0          0          0         96   dmul.o
        38          0          0          0          0         68   f2d.o
       110          0          0          0          0        168   fepilogue.o
        50          0          0          0          0         68   ffixi.o
        40          0          0          0          0         68   ffixui.o

    ----------------------------------------------------------------------
      2240         42          0          8          0       1688   Library Totals
         4          0          0          0          0          0   (incl. Padding)

    ----------------------------------------------------------------------

      Code (inc. data)   RO Data    RW Data    ZI Data      Debug   Library Name

      1306         42          0          8          0        856   mc_w.l
       930          0          0          0          0        832   mf_w.l

    ----------------------------------------------------------------------
      2240         42          0          8          0       1688   Library Totals

    ----------------------------------------------------------------------

==============================================================================


      Code (inc. data)   RO Data    RW Data    ZI Data      Debug   

     11072        732        848        344      11360     344593   Grand Totals
     11072        732        848        208      11360     344593   ELF Image Totals (compressed)
     11072        732        848        208          0          0   ROM Totals

==============================================================================

    Total RO  Size (Code + RO Data)                11920 (  11.64kB)
    Total RW  Size (RW Data + ZI Data)             11704 (  11.43kB)
    Total ROM Size (Code + RO Data + RW Data)      12128 (  11.84kB)

==============================================================================

